
 Start  Stop   Length Name               Class

 00000H 059E9H 059EAH _TEXT              CODE
 059EAH 066CDH 00CE4H CONTROL_TEXT       CODE
 066CEH 06C49H 0057CH HISTORY_TEXT       CODE
 06C4AH 06D26H 000DDH UTIL_TEXT          CODE
 06D27H 0755EH 00838H NOW_TEXT           CODE
 0755FH 0767BH 0011DH SETUP_TEXT         CODE
 0767CH 08A0EH 01393H DIALOG_TEXT        CODE
 08A0FH 0946CH 00A5EH WAITSEND_TEXT      CODE
 0946DH 097C1H 00355H MAIN_TEXT          CODE
 097C2H 09A13H 00252H DEL_TEXT           CODE
 09A14H 09CA3H 00290H NEW_TEXT           CODE
 09CA4H 0A0D5H 00432H RS232_TEXT         CODE
 0A0D6H 0A53DH 00468H SELECT_TEXT        CODE
 0A53EH 0ACF5H 007B8H ADDDEC_TEXT        CODE
 0ACF6H 0B498H 007A3H BAR3D_TEXT         CODE
 0B499H 0B679H 001E1H BASIC_TEXT         CODE
 0B67AH 0CC20H 015A7H BOYTEST_TEXT       CODE
 0CC21H 0DBC8H 00FA8H BOY_KEY_TEXT       CODE
 0DBC9H 0E6CEH 00B06H CHECK_TEXT         CODE
 0E6CFH 0FDDBH 0170DH CHINESE_TEXT       CODE
 0FDDCH 111E8H 0140DH COMBO_TEXT         CODE
 111E9H 11537H 0034FH DESKTOP_TEXT       CODE
 11538H 11F0AH 009D3H DIRLIST_TEXT       CODE
 11F0BH 122BEH 003B4H DRIVLIST_TEXT      CODE
 122BFH 129A7H 006E9H FILELIST_TEXT      CODE
 129A8H 12BFAH 00253H FRAME_TEXT         CODE
 12BFBH 13F3EH 01344H IMAGE_TEXT         CODE
 13F3FH 1569CH 0175EH INPUTBOX_TEXT      CODE
 1569DH 161F8H 00B5CH LABEL_TEXT         CODE
 161F9H 163B7H 001BFH LINE_TEXT          CODE
 163B8H 16F95H 00BDEH LISTED_TEXT        CODE
 16F96H 19B6BH 02BD6H MENU_TEXT          CODE
 19B6CH 19CFAH 0018FH MOUSE_TEXT         CODE
 19CFBH 1AF8CH 01292H OPTION_TEXT        CODE
 1AF8DH 1B9A7H 00A1BH OUTTEXT_TEXT       CODE
 1B9A8H 1CDCEH 01427H PY_TEXT            CODE
 1CDCFH 1F6E8H 0291AH SCROLL_TEXT        CODE
 1F6E9H 246B6H 04FCEH WINDOWS_TEXT       CODE
 246B7H 24CD8H 00622H EMS_TEXT           CODE
 24CD9H 25069H 00391H XMS_TEXT           CODE
 25070H 28CE9H 03C7AH _BGI_TEXT          CODE
 28CF0H 2B466H 02777H EMU_PROG           CODE
 2B470H 2BA37H 005C8H E87_PROG           CODE
 2BA40H 2BA40H 00000H _FARDATA           FAR_DATA
 2BA40H 2E83FH 02E00H DIRLIST5_DATA      FAR_DATA
 2E840H 3683EH 07FFFH IMAGE5_DATA        FAR_DATA
 36840H 36930H 000F1H PY5_DATA           FAR_DATA
 36940H 36940H 00000H _FARBSS            FAR_BSS
 36940H 36943H 00004H _COMDEF_AA_        FAR_BSS
 36950H 36959H 0000AH _COMDEF_AB_        FAR_BSS
 36960H 369AFH 00050H _COMDEF_AC_        FAR_BSS
 369B0H 369EBH 0003CH _COMDEF_AD_        FAR_BSS
 369F0H 36A3FH 00050H _COMDEF_AE_        FAR_BSS
 36A40H 36A8FH 00050H _COMDEF_AF_        FAR_BSS
 36A90H 36ADFH 00050H _COMDEF_AG_        FAR_BSS
 36AE0H 36AE1H 00002H _COMDEF_AH_        FAR_BSS
 36AF0H 36AF1H 00002H _COMDEF_AI_        FAR_BSS
 36B00H 36B01H 00002H _COMDEF_AJ_        FAR_BSS
 36B10H 36B13H 00004H _COMDEF_AK_        FAR_BSS
 36B20H 36D1FH 00200H _COMDEF_AL_        FAR_BSS
 36D20H 36D21H 00002H _COMDEF_AM_        FAR_BSS
 36D30H 36D31H 00002H _COMDEF_AN_        FAR_BSS
 36D40H 36D40H 00000H _OVERLAY_          OVRINFO
 36D40H 36D40H 00000H _1STUB_            STUBSEG
 36D40H 43005H 0C2C6H _DATA              DATA
 43006H 43009H 00004H _CVTSEG            DATA
 4300AH 43015H 0000CH _SCNSEG            DATA
 43016H 43016H 00000H GRAPH              DATA
 43016H 43016H 00000H _CONST             CONST
 43016H 4302DH 00018H _INIT_             INITDATA
 4302EH 4302EH 00000H _INITEND_          INITDATA
 4302EH 43033H 00006H _EXIT_             EXITDATA
 43034H 43034H 00000H _EXITEND_          EXITDATA
 43034H 456E9H 026B6H _BSS               BSS
 456EAH 456EAH 00000H _BSSEND            BSSEND
 456F0H 457FFH 00110H _STACK             STACK


Detailed map of segments

 0000:0000 0295 C=CODE   S=_TEXT          G=(none)  M=c0.ASM     ACBP=28
 0000:02A0 01E3 C=CODE   S=_TEXT          G=(none)  M=GR         ACBP=68
 0000:0483 0258 C=CODE   S=_TEXT          G=(none)  M=FPINIT     ACBP=28
 0000:06DB 0000 C=CODE   S=_TEXT          G=(none)  M=E87TRAP    ACBP=28
 0000:06DB 0000 C=CODE   S=_TEXT          G=(none)  M=PROTFLAG   ACBP=28
 0000:06DB 0000 C=CODE   S=_TEXT          G=(none)  M=DEFLT87    ACBP=28
 0000:06DB 0019 C=CODE   S=_TEXT          G=(none)  M=ATOF       ACBP=28
 0000:06F4 0000 C=CODE   S=_TEXT          G=(none)  M=HUGEVAL    ACBP=28
 0000:06F4 009A C=CODE   S=_TEXT          G=(none)  M=LDTRUNC    ACBP=28
 0000:078E 01BD C=CODE   S=_TEXT          G=(none)  M=REALCVT    ACBP=28
 0000:094B 0395 C=CODE   S=_TEXT          G=(none)  M=SCANTOD    ACBP=28
 0000:0CE0 00D2 C=CODE   S=_TEXT          G=(none)  M=STRTOD     ACBP=28
 0000:0DB2 020C C=CODE   S=_TEXT          G=(none)  M=XCVT       ACBP=28
 0000:0FBE 00B1 C=CODE   S=_TEXT          G=(none)  M=FPERR      ACBP=28
 0000:106F 00C9 C=CODE   S=_TEXT          G=(none)  M=_POW10     ACBP=28
 0000:1138 000B C=CODE   S=_TEXT          G=(none)  M=POW10D     ACBP=28
 0000:1143 002C C=CODE   S=_TEXT          G=(none)  M=FFTOL      ACBP=28
 0000:116F 000E C=CODE   S=_TEXT          G=(none)  M=ABS        ACBP=28
 0000:117D 002D C=CODE   S=_TEXT          G=(none)  M=ATEXIT     ACBP=28
 0000:11AA 0018 C=CODE   S=_TEXT          G=(none)  M=CHDIR      ACBP=28
 0000:11C2 0000 C=CODE   S=_TEXT          G=(none)  M=CTYPE      ACBP=28
 0000:11C2 003D C=CODE   S=_TEXT          G=(none)  M=DOSFATTR   ACBP=28
 0000:11FF 0028 C=CODE   S=_TEXT          G=(none)  M=DOSGDRIV   ACBP=28
 0000:1227 0093 C=CODE   S=_TEXT          G=(none)  M=EXIT       ACBP=28
 0000:12BA 0000 C=CODE   S=_TEXT          G=(none)  M=FILES      ACBP=28
 0000:12BA 0000 C=CODE   S=_TEXT          G=(none)  M=FILES2     ACBP=28
 0000:12BA 0000 C=CODE   S=_TEXT          G=(none)  M=FMODE      ACBP=28
 0000:12BA 0000 C=CODE   S=_TEXT          G=(none)  M=FPSTKLEN   ACBP=28
 0000:12BA 0017 C=CODE   S=_TEXT          G=(none)  M=F_LXMUL    ACBP=28
 0000:12D1 001C C=CODE   S=_TEXT          G=(none)  M=F_SCOPY    ACBP=28
 0000:12ED 001D C=CODE   S=_TEXT          G=(none)  M=GETCURDI   ACBP=28
 0000:130A 0026 C=CODE   S=_TEXT          G=(none)  M=GETDATE    ACBP=28
 0000:1330 0039 C=CODE   S=_TEXT          G=(none)  M=GETDISK    ACBP=28
 0000:1369 005C C=CODE   S=_TEXT          G=(none)  M=GETFAT     ACBP=28
 0000:13C5 0020 C=CODE   S=_TEXT          G=(none)  M=GETVECT    ACBP=28
 0000:13E5 00AE C=CODE   S=_TEXT          G=(none)  M=H_LDIV     ACBP=28
 0000:1493 0021 C=CODE   S=_TEXT          G=(none)  M=H_LLSH     ACBP=28
 0000:14B4 0021 C=CODE   S=_TEXT          G=(none)  M=H_LURSH    ACBP=28
 0000:14D5 0060 C=CODE   S=_TEXT          G=(none)  M=H_PADD     ACBP=28
 0000:1535 0028 C=CODE   S=_TEXT          G=(none)  M=H_PSBP     ACBP=28
 0000:155D 004B C=CODE   S=_TEXT          G=(none)  M=IOERROR    ACBP=28
 0000:15A8 0011 C=CODE   S=_TEXT          G=(none)  M=ISATTY     ACBP=28
 0000:15B9 00A2 C=CODE   S=_TEXT          G=(none)  M=LONGTOA    ACBP=28
 0000:165B 0029 C=CODE   S=_TEXT          G=(none)  M=LSEEK      ACBP=28
 0000:1684 00B6 C=CODE   S=_TEXT          G=(none)  M=MKNAME     ACBP=28
 0000:173A 0017 C=CODE   S=_TEXT          G=(none)  M=N_LXMUL    ACBP=28
 0000:1751 0021 C=CODE   S=_TEXT          G=(none)  M=N_PCMP     ACBP=28
 0000:1772 002F C=CODE   S=_TEXT          G=(none)  M=READA      ACBP=28
 0000:17A1 0018 C=CODE   S=_TEXT          G=(none)  M=REMOVE     ACBP=28
 0000:17B9 04F4 C=CODE   S=_TEXT          G=(none)  M=SCANNER    ACBP=28
 0000:1CAD 01CD C=CODE   S=_TEXT          G=(none)  M=SCANTOL    ACBP=28
 0000:1E7A 0020 C=CODE   S=_TEXT          G=(none)  M=SEGREAD    ACBP=28
 0000:1E9A 00BA C=CODE   S=_TEXT          G=(none)  M=SETUPIO    ACBP=28
 0000:1F54 0000 C=CODE   S=_TEXT          G=(none)  M=SIGDATA    ACBP=28
 0000:1F54 0000 C=CODE   S=_TEXT          G=(none)  M=STKLEN     ACBP=28
 0000:1F54 002C C=CODE   S=_TEXT          G=(none)  M=TOLOWER    ACBP=28
 0000:1F80 0018 C=CODE   S=_TEXT          G=(none)  M=UNLINK     ACBP=28
 0000:1F98 04DB C=CODE   S=_TEXT          G=(none)  M=VPRINTER   ACBP=28
 0000:2473 009F C=CODE   S=_TEXT          G=(none)  M=VRAM       ACBP=28
 0000:2512 0000 C=CODE   S=_TEXT          G=(none)  M=WSCROLL    ACBP=28
 0000:2512 0034 C=CODE   S=_TEXT          G=(none)  M=_STPCPY    ACBP=28
 0000:2546 0025 C=CODE   S=_TEXT          G=(none)  M=BIOSKEY    ACBP=28
 0000:256B 005D C=CODE   S=_TEXT          G=(none)  M=CALLOC     ACBP=28
 0000:25C8 0006 C=CODE   S=_TEXT          G=(none)  M=CORELEFT   ACBP=28
 0000:25CE 014E C=CODE   S=_TEXT          G=(none)  M=CPRINTF    ACBP=28
 0000:271C 01A5 C=CODE   S=_TEXT          G=(none)  M=CRTINIT    ACBP=28
 0000:28C1 001F C=CODE   S=_TEXT          G=(none)  M=CVTFAK     ACBP=28
 0000:28E0 009D C=CODE   S=_TEXT          G=(none)  M=DELAY      ACBP=28
 0000:297D 0432 C=CODE   S=_TEXT          G=(none)  M=FARHEAP    ACBP=28
 0000:2DAF 0140 C=CODE   S=_TEXT          G=(none)  M=FBRK       ACBP=28
 0000:2EEF 0050 C=CODE   S=_TEXT          G=(none)  M=FCORELFT   ACBP=28
 0000:2F3F 005E C=CODE   S=_TEXT          G=(none)  M=GETCH      ACBP=28
 0000:2F9D 000E C=CODE   S=_TEXT          G=(none)  M=GEXIT      ACBP=28
 0000:2FAB 0012 C=CODE   S=_TEXT          G=(none)  M=GFREEMEM   ACBP=28
 0000:2FBD 000E C=CODE   S=_TEXT          G=(none)  M=GGETMEM    ACBP=28
 0000:2FCB 00AC C=CODE   S=_TEXT          G=(none)  M=GPTEXT     ACBP=28
 0000:3077 00CA C=CODE   S=_TEXT          G=(none)  M=INT86      ACBP=28
 0000:3141 008E C=CODE   S=_TEXT          G=(none)  M=INTDOS     ACBP=28
 0000:31CF 00A4 C=CODE   S=_TEXT          G=(none)  M=INTR       ACBP=28
 0000:3273 0029 C=CODE   S=_TEXT          G=(none)  M=IOCTL      ACBP=28
 0000:329C 0012 C=CODE   S=_TEXT          G=(none)  M=KBHIT      ACBP=28
 0000:32AE 009D C=CODE   S=_TEXT          G=(none)  M=MOVETEXT   ACBP=28
 0000:334B 0017 C=CODE   S=_TEXT          G=(none)  M=PUTCH      ACBP=28
 0000:3362 0004 C=CODE   S=_TEXT          G=(none)  M=REALCVT    ACBP=28
 0000:3366 000C C=CODE   S=_TEXT          G=(none)  M=SCANTOD    ACBP=28
 0000:3372 01C7 C=CODE   S=_TEXT          G=(none)  M=SCREEN     ACBP=28
 0000:3539 018E C=CODE   S=_TEXT          G=(none)  M=SCROLL     ACBP=28
 0000:36C7 001C C=CODE   S=_TEXT          G=(none)  M=SETBLOCK   ACBP=28
 0000:36E3 0033 C=CODE   S=_TEXT          G=(none)  M=SOUND      ACBP=28
 0000:3716 0024 C=CODE   S=_TEXT          G=(none)  M=STACK      ACBP=28
 0000:373A 002C C=CODE   S=_TEXT          G=(none)  M=WHEREXY    ACBP=28
 0000:3766 0037 C=CODE   S=_TEXT          G=(none)  M=ACCESS     ACBP=28
 0000:379D 0086 C=CODE   S=_TEXT          G=(none)  M=ATOL       ACBP=28
 0000:3823 001D C=CODE   S=_TEXT          G=(none)  M=CHMODA     ACBP=28
 0000:3840 0028 C=CODE   S=_TEXT          G=(none)  M=CLOSE      ACBP=28
 0000:3868 001E C=CODE   S=_TEXT          G=(none)  M=CLOSEA     ACBP=28
 0000:3886 007B C=CODE   S=_TEXT          G=(none)  M=CREATA     ACBP=28
 0000:3901 0077 C=CODE   S=_TEXT          G=(none)  M=EOF        ACBP=28
 0000:3978 00B8 C=CODE   S=_TEXT          G=(none)  M=FCLOSE     ACBP=28
 0000:3A30 00CD C=CODE   S=_TEXT          G=(none)  M=FFLUSH     ACBP=28
 0000:3AFD 0060 C=CODE   S=_TEXT          G=(none)  M=FINDFIRS   ACBP=28
 0000:3B5D 0041 C=CODE   S=_TEXT          G=(none)  M=FLENGTH    ACBP=28
 0000:3B9E 0042 C=CODE   S=_TEXT          G=(none)  M=FLUSHALL   ACBP=28
 0000:3BE0 002B C=CODE   S=_TEXT          G=(none)  M=FNMERGE    ACBP=28
 0000:3C0B 002B C=CODE   S=_TEXT          G=(none)  M=FNSPLIT    ACBP=28
 0000:3C36 020C C=CODE   S=_TEXT          G=(none)  M=FOPEN      ACBP=28
 0000:3E42 001C C=CODE   S=_TEXT          G=(none)  M=FPRINTF    ACBP=28
 0000:3E5E 0182 C=CODE   S=_TEXT          G=(none)  M=FREAD      ACBP=28
 0000:3FE0 0024 C=CODE   S=_TEXT          G=(none)  M=FSCANF     ACBP=28
 0000:4004 01E2 C=CODE   S=_TEXT          G=(none)  M=FSEEK      ACBP=28
 0000:41E6 008B C=CODE   S=_TEXT          G=(none)  M=FWRITE     ACBP=28
 0000:4271 01C8 C=CODE   S=_TEXT          G=(none)  M=GETC       ACBP=28
 0000:4439 0070 C=CODE   S=_TEXT          G=(none)  M=LTOA1      ACBP=28
 0000:44A9 00D1 C=CODE   S=_TEXT          G=(none)  M=MAKEPATH   ACBP=28
 0000:457A 0039 C=CODE   S=_TEXT          G=(none)  M=MEMCCPY    ACBP=28
 0000:45B3 0023 C=CODE   S=_TEXT          G=(none)  M=MEMCHR     ACBP=28
 0000:45D6 0024 C=CODE   S=_TEXT          G=(none)  M=MEMCPY     ACBP=28
 0000:45FA 0043 C=CODE   S=_TEXT          G=(none)  M=MEMSET     ACBP=28
 0000:463D 0073 C=CODE   S=_TEXT          G=(none)  M=MOVMEM     ACBP=28
 0000:46B0 019C C=CODE   S=_TEXT          G=(none)  M=OPEN       ACBP=28
 0000:484C 004F C=CODE   S=_TEXT          G=(none)  M=OPENA      ACBP=28
 0000:489B 001B C=CODE   S=_TEXT          G=(none)  M=PRINTF     ACBP=28
 0000:48B6 03C8 C=CODE   S=_TEXT          G=(none)  M=PUTC       ACBP=28
 0000:4C7E 02DC C=CODE   S=_TEXT          G=(none)  M=QSORT      ACBP=28
 0000:4F5A 00D1 C=CODE   S=_TEXT          G=(none)  M=READ       ACBP=28
 0000:502B 0003 C=CODE   S=_TEXT          G=(none)  M=READU      ACBP=28
 0000:502E 011D C=CODE   S=_TEXT          G=(none)  M=SETVBUF    ACBP=28
 0000:514B 02D9 C=CODE   S=_TEXT          G=(none)  M=SPLITPTH   ACBP=28
 0000:5424 003F C=CODE   S=_TEXT          G=(none)  M=STRCAT     ACBP=28
 0000:5463 0030 C=CODE   S=_TEXT          G=(none)  M=STRCMP     ACBP=28
 0000:5493 0029 C=CODE   S=_TEXT          G=(none)  M=STRCPY     ACBP=28
 0000:54BC 001F C=CODE   S=_TEXT          G=(none)  M=STRLEN     ACBP=28
 0000:54DB 0063 C=CODE   S=_TEXT          G=(none)  M=STRNCAT    ACBP=28
 0000:553E 0038 C=CODE   S=_TEXT          G=(none)  M=STRNCMP    ACBP=28
 0000:5576 0031 C=CODE   S=_TEXT          G=(none)  M=STRNCPY    ACBP=28
 0000:55A7 002B C=CODE   S=_TEXT          G=(none)  M=STRSET     ACBP=28
 0000:55D2 006E C=CODE   S=_TEXT          G=(none)  M=STRSTR     ACBP=28
 0000:5640 0116 C=CODE   S=_TEXT          G=(none)  M=STRTOL     ACBP=28
 0000:5756 0024 C=CODE   S=_TEXT          G=(none)  M=STRUPR     ACBP=28
 0000:577A 006E C=CODE   S=_TEXT          G=(none)  M=UNGETC     ACBP=28
 0000:57E8 0151 C=CODE   S=_TEXT          G=(none)  M=WRITE      ACBP=28
 0000:5939 003C C=CODE   S=_TEXT          G=(none)  M=WRITEA     ACBP=28
 0000:5975 003D C=CODE   S=_TEXT          G=(none)  M=XFCLOSE    ACBP=28
 0000:59B2 0038 C=CODE   S=_TEXT          G=(none)  M=XFFLUSH    ACBP=28
 059E:000A 0CE4 C=CODE   S=CONTROL_TEXT   G=(none)  M=CONTROL.C  ACBP=28
 066C:000E 057C C=CODE   S=HISTORY_TEXT   G=(none)  M=HISTORY.C  ACBP=28
 06C4:000A 00DD C=CODE   S=UTIL_TEXT      G=(none)  M=UTIL.C     ACBP=28
 06D2:0007 0838 C=CODE   S=NOW_TEXT       G=(none)  M=NOW.C      ACBP=28
 0755:000F 011D C=CODE   S=SETUP_TEXT     G=(none)  M=SETUP.C    ACBP=28
 0767:000C 1393 C=CODE   S=DIALOG_TEXT    G=(none)  M=DIALOG.C   ACBP=28
 08A0:000F 0A5E C=CODE   S=WAITSEND_TEXT  G=(none)  M=WAITSEND.C ACBP=28
 0946:000D 0355 C=CODE   S=MAIN_TEXT      G=(none)  M=MAIN.C     ACBP=28
 097C:0002 0252 C=CODE   S=DEL_TEXT       G=(none)  M=DEL.C      ACBP=28
 09A1:0004 0290 C=CODE   S=NEW_TEXT       G=(none)  M=NEW.C      ACBP=28
 09CA:0004 0432 C=CODE   S=RS232_TEXT     G=(none)  M=RS232.C    ACBP=28
 0A0D:0006 0468 C=CODE   S=SELECT_TEXT    G=(none)  M=SELECT.C   ACBP=28
 0A53:000E 07B8 C=CODE   S=ADDDEC_TEXT    G=(none)  M=ADDDEC     ACBP=28
 0ACF:0006 07A3 C=CODE   S=BAR3D_TEXT     G=(none)  M=BAR3D      ACBP=28
 0B49:0009 01E1 C=CODE   S=BASIC_TEXT     G=(none)  M=BASIC      ACBP=28
 0B67:000A 15A7 C=CODE   S=BOYTEST_TEXT   G=(none)  M=BOYTEST    ACBP=28
 0CC2:0001 0FA8 C=CODE   S=BOY_KEY_TEXT   G=(none)  M=BOY_KEY    ACBP=28
 0DBC:0009 0B06 C=CODE   S=CHECK_TEXT     G=(none)  M=CHECK      ACBP=28
 0E6C:000F 170D C=CODE   S=CHINESE_TEXT   G=(none)  M=CHINESE    ACBP=28
 0FDD:000C 140D C=CODE   S=COMBO_TEXT     G=(none)  M=COMBO      ACBP=28
 111E:0009 034F C=CODE   S=DESKTOP_TEXT   G=(none)  M=DESKTOP    ACBP=28
 1153:0008 09D3 C=CODE   S=DIRLIST_TEXT   G=(none)  M=DIRLIST    ACBP=28
 11F0:000B 03B4 C=CODE   S=DRIVLIST_TEXT  G=(none)  M=DRIVLIST   ACBP=28
 122B:000F 06E9 C=CODE   S=FILELIST_TEXT  G=(none)  M=FILELIST   ACBP=28
 129A:0008 0253 C=CODE   S=FRAME_TEXT     G=(none)  M=FRAME      ACBP=28
 12BF:000B 1344 C=CODE   S=IMAGE_TEXT     G=(none)  M=IMAGE      ACBP=28
 13F3:000F 175E C=CODE   S=INPUTBOX_TEXT  G=(none)  M=INPUTBOX   ACBP=28
 1569:000D 0B5C C=CODE   S=LABEL_TEXT     G=(none)  M=LABEL      ACBP=28
 161F:0009 01BF C=CODE   S=LINE_TEXT      G=(none)  M=LINE       ACBP=28
 163B:0008 0BDE C=CODE   S=LISTED_TEXT    G=(none)  M=LISTED     ACBP=28
 16F9:0006 2BD6 C=CODE   S=MENU_TEXT      G=(none)  M=MENU       ACBP=28
 19B6:000C 018F C=CODE   S=MOUSE_TEXT     G=(none)  M=MOUSE      ACBP=28
 19CF:000B 1292 C=CODE   S=OPTION_TEXT    G=(none)  M=OPTION     ACBP=28
 1AF8:000D 0A1B C=CODE   S=OUTTEXT_TEXT   G=(none)  M=OUTTEXT    ACBP=28
 1B9A:0008 1427 C=CODE   S=PY_TEXT        G=(none)  M=PY         ACBP=28
 1CDC:000F 291A C=CODE   S=SCROLL_TEXT    G=(none)  M=SCROLL     ACBP=28
 1F6E:0009 4FCE C=CODE   S=WINDOWS_TEXT   G=(none)  M=WINDOWS    ACBP=28
 246B:0007 0622 C=CODE   S=EMS_TEXT       G=(none)  M=EMS        ACBP=28
 24CD:0009 0391 C=CODE   S=XMS_TEXT       G=(none)  M=XMS        ACBP=28
 2507:0000 18AA C=CODE   S=_BGI_TEXT      G=(none)  M=GRAPHC     ACBP=28
 2507:18AA 0A27 C=CODE   S=_BGI_TEXT      G=(none)  M=GRAPH      ACBP=28
 2507:22E0 199A C=CODE   S=_BGI_TEXT      G=(none)  M=BGIOVR     ACBP=68
 28CF:0000 0000 C=CODE   S=EMU_PROG       G=(none)  M=FPINIT     ACBP=68
 28CF:0000 2777 C=CODE   S=EMU_PROG       G=(none)  M=EMU086     ACBP=68
 2B47:0000 0000 C=CODE   S=E87_PROG       G=(none)  M=FPINIT     ACBP=68
 2B47:0000 03E3 C=CODE   S=E87_PROG       G=(none)  M=EMU087     ACBP=68
 2B47:03F0 01D8 C=CODE   S=E87_PROG       G=(none)  M=E87TRAP    ACBP=68
 2BA4:0000 0000 C=FAR_DATA S=_FARDATA       G=(none)  M=c0.ASM     ACBP=68
 2BA4:0000 2E00 C=FAR_DATA S=DIRLIST5_DATA  G=(none)  M=DIRLIST    ACBP=68
 2E84:0000 7FFF C=FAR_DATA S=IMAGE5_DATA    G=(none)  M=IMAGE      ACBP=68
 3684:0000 00F1 C=FAR_DATA S=PY5_DATA       G=(none)  M=PY         ACBP=68
 3694:0000 0000 C=FAR_BSS S=_FARBSS        G=(none)  M=c0.ASM     ACBP=68
 3694:0000 0004 C=FAR_BSS S=_COMDEF_AA_    G=(none)  M=MAIN.C     ACBP=60
 3695:0000 000A C=FAR_BSS S=_COMDEF_AB_    G=(none)  M=DIALOG.C   ACBP=60
 3696:0000 0050 C=FAR_BSS S=_COMDEF_AC_    G=(none)  M=DIALOG.C   ACBP=60
 369B:0000 003C C=FAR_BSS S=_COMDEF_AD_    G=(none)  M=DIALOG.C   ACBP=60
 369F:0000 0050 C=FAR_BSS S=_COMDEF_AE_    G=(none)  M=DIALOG.C   ACBP=60
 36A4:0000 0050 C=FAR_BSS S=_COMDEF_AF_    G=(none)  M=DIALOG.C   ACBP=60
 36A9:0000 0050 C=FAR_BSS S=_COMDEF_AG_    G=(none)  M=DIALOG.C   ACBP=60
 36AE:0000 0002 C=FAR_BSS S=_COMDEF_AH_    G=(none)  M=DIALOG.C   ACBP=60
 36AF:0000 0002 C=FAR_BSS S=_COMDEF_AI_    G=(none)  M=DIALOG.C   ACBP=60
 36B0:0000 0002 C=FAR_BSS S=_COMDEF_AJ_    G=(none)  M=MAIN.C     ACBP=60
 36B1:0000 0004 C=FAR_BSS S=_COMDEF_AK_    G=(none)  M=RS232.C    ACBP=60
 36B2:0000 0200 C=FAR_BSS S=_COMDEF_AL_    G=(none)  M=RS232.C    ACBP=60
 36D2:0000 0002 C=FAR_BSS S=_COMDEF_AM_    G=(none)  M=RS232.C    ACBP=60
 36D3:0000 0002 C=FAR_BSS S=_COMDEF_AN_    G=(none)  M=RS232.C    ACBP=60
 36D4:0000 0000 C=OVRINFO S=_OVERLAY_      G=(none)  M=c0.ASM     ACBP=68
 36D4:0000 0000 C=STUBSEG S=_1STUB_        G=(none)  M=c0.ASM     ACBP=68
 36D4:0000 0093 C=DATA   S=_DATA          G=DGROUP  M=c0.ASM     ACBP=68
 36D4:0094 2F40 C=DATA   S=_DATA          G=DGROUP  M=CONTROL.C  ACBP=48
 36D4:2FD4 07FD C=DATA   S=_DATA          G=DGROUP  M=HISTORY.C  ACBP=48
 36D4:37D2 0000 C=DATA   S=_DATA          G=DGROUP  M=UTIL.C     ACBP=48
 36D4:37D2 28E2 C=DATA   S=_DATA          G=DGROUP  M=NOW.C      ACBP=48
 36D4:60B4 0545 C=DATA   S=_DATA          G=DGROUP  M=SETUP.C    ACBP=48
 36D4:65FA 166D C=DATA   S=_DATA          G=DGROUP  M=DIALOG.C   ACBP=48
 36D4:7C68 0409 C=DATA   S=_DATA          G=DGROUP  M=WAITSEND.C ACBP=48
 36D4:8072 087C C=DATA   S=_DATA          G=DGROUP  M=MAIN.C     ACBP=48
 36D4:88EE 04DA C=DATA   S=_DATA          G=DGROUP  M=DEL.C      ACBP=48
 36D4:8DC8 084D C=DATA   S=_DATA          G=DGROUP  M=NEW.C      ACBP=48
 36D4:9616 0017 C=DATA   S=_DATA          G=DGROUP  M=RS232.C    ACBP=48
 36D4:962E 05DF C=DATA   S=_DATA          G=DGROUP  M=SELECT.C   ACBP=48
 36D4:9C0E 0000 C=DATA   S=_DATA          G=DGROUP  M=ADDDEC     ACBP=48
 36D4:9C0E 0000 C=DATA   S=_DATA          G=DGROUP  M=BAR3D      ACBP=48
 36D4:9C0E 00F9 C=DATA   S=_DATA          G=DGROUP  M=BASIC      ACBP=48
 36D4:9D08 0000 C=DATA   S=_DATA          G=DGROUP  M=BOYTEST    ACBP=48
 36D4:9D08 0000 C=DATA   S=_DATA          G=DGROUP  M=BOY_KEY    ACBP=48
 36D4:9D08 0000 C=DATA   S=_DATA          G=DGROUP  M=CHECK      ACBP=48
 36D4:9D08 0086 C=DATA   S=_DATA          G=DGROUP  M=CHINESE    ACBP=48
 36D4:9D8E 01E3 C=DATA   S=_DATA          G=DGROUP  M=COMBO      ACBP=48
 36D4:9F72 0000 C=DATA   S=_DATA          G=DGROUP  M=DESKTOP    ACBP=48
 36D4:9F72 0010 C=DATA   S=_DATA          G=DGROUP  M=DIRLIST    ACBP=48
 36D4:9F82 0080 C=DATA   S=_DATA          G=DGROUP  M=DRIVLIST   ACBP=48
 36D4:A002 0008 C=DATA   S=_DATA          G=DGROUP  M=FILELIST   ACBP=48
 36D4:A00A 0000 C=DATA   S=_DATA          G=DGROUP  M=FRAME      ACBP=48
 36D4:A00A 0034 C=DATA   S=_DATA          G=DGROUP  M=IMAGE      ACBP=48
 36D4:A03E 0080 C=DATA   S=_DATA          G=DGROUP  M=INPUTBOX   ACBP=48
 36D4:A0BE 0000 C=DATA   S=_DATA          G=DGROUP  M=LABEL      ACBP=48
 36D4:A0BE 0000 C=DATA   S=_DATA          G=DGROUP  M=LINE       ACBP=48
 36D4:A0BE 0008 C=DATA   S=_DATA          G=DGROUP  M=LISTED     ACBP=48
 36D4:A0C6 0042 C=DATA   S=_DATA          G=DGROUP  M=MENU       ACBP=48
 36D4:A108 12C0 C=DATA   S=_DATA          G=DGROUP  M=MOUSE      ACBP=48
 36D4:B3C8 0002 C=DATA   S=_DATA          G=DGROUP  M=OPTION     ACBP=48
 36D4:B3CA 0031 C=DATA   S=_DATA          G=DGROUP  M=OUTTEXT    ACBP=48
 36D4:B3FC 01E5 C=DATA   S=_DATA          G=DGROUP  M=PY         ACBP=48
 36D4:B5E2 0004 C=DATA   S=_DATA          G=DGROUP  M=SCROLL     ACBP=48
 36D4:B5E6 007A C=DATA   S=_DATA          G=DGROUP  M=WINDOWS    ACBP=48
 36D4:B660 000C C=DATA   S=_DATA          G=DGROUP  M=EMS        ACBP=48
 36D4:B66C 0003 C=DATA   S=_DATA          G=DGROUP  M=XMS        ACBP=48
 36D4:B670 0006 C=DATA   S=_DATA          G=DGROUP  M=GLOAD      ACBP=48
 36D4:B676 065B C=DATA   S=_DATA          G=DGROUP  M=GRAPHC     ACBP=48
 36D4:BCD2 000B C=DATA   S=_DATA          G=DGROUP  M=GRAPH      ACBP=48
 36D4:BCE0 0002 C=DATA   S=_DATA          G=DGROUP  M=FPINIT     ACBP=68
 36D4:BCF0 0000 C=DATA   S=_DATA          G=DGROUP  M=E87TRAP    ACBP=68
 36D4:BCF0 0003 C=DATA   S=_DATA          G=DGROUP  M=PROTFLAG   ACBP=48
 36D4:BCF4 0002 C=DATA   S=_DATA          G=DGROUP  M=DEFLT87    ACBP=48
 36D4:BCF6 0000 C=DATA   S=_DATA          G=DGROUP  M=ATOF       ACBP=48
 36D4:BCF6 0024 C=DATA   S=_DATA          G=DGROUP  M=HUGEVAL    ACBP=48
 36D4:BD1A 0000 C=DATA   S=_DATA          G=DGROUP  M=LDTRUNC    ACBP=48
 36D4:BD1A 0000 C=DATA   S=_DATA          G=DGROUP  M=REALCVT    ACBP=48
 36D4:BD1A 0018 C=DATA   S=_DATA          G=DGROUP  M=SCANTOD    ACBP=48
 36D4:BD32 0000 C=DATA   S=_DATA          G=DGROUP  M=STRTOD     ACBP=48
 36D4:BD32 0000 C=DATA   S=_DATA          G=DGROUP  M=XCVT       ACBP=48
 36D4:BD32 009A C=DATA   S=_DATA          G=DGROUP  M=FPERR      ACBP=48
 36D4:BDCC 0080 C=DATA   S=_DATA          G=DGROUP  M=_POW10     ACBP=48
 36D4:BE4C 0000 C=DATA   S=_DATA          G=DGROUP  M=POW10D     ACBP=48
 36D4:BE4C 0000 C=DATA   S=_DATA          G=DGROUP  M=FFTOL      ACBP=48
 36D4:BE4C 0000 C=DATA   S=_DATA          G=DGROUP  M=ABS        ACBP=48
 36D4:BE4C 0002 C=DATA   S=_DATA          G=DGROUP  M=ATEXIT     ACBP=48
 36D4:BE4E 0000 C=DATA   S=_DATA          G=DGROUP  M=CHDIR      ACBP=48
 36D4:BE4E 0101 C=DATA   S=_DATA          G=DGROUP  M=CTYPE      ACBP=48
 36D4:BF50 0000 C=DATA   S=_DATA          G=DGROUP  M=DOSFATTR   ACBP=48
 36D4:BF50 0000 C=DATA   S=_DATA          G=DGROUP  M=DOSGDRIV   ACBP=48
 36D4:BF50 000C C=DATA   S=_DATA          G=DGROUP  M=EXIT       ACBP=48
 36D4:BF5C 0190 C=DATA   S=_DATA          G=DGROUP  M=FILES      ACBP=48
 36D4:C0EC 002A C=DATA   S=_DATA          G=DGROUP  M=FILES2     ACBP=48
 36D4:C116 0004 C=DATA   S=_DATA          G=DGROUP  M=FMODE      ACBP=48
 36D4:C11A 0002 C=DATA   S=_DATA          G=DGROUP  M=FPSTKLEN   ACBP=48
 36D4:C11C 0000 C=DATA   S=_DATA          G=DGROUP  M=F_LXMUL    ACBP=48
 36D4:C11C 0000 C=DATA   S=_DATA          G=DGROUP  M=F_SCOPY    ACBP=48
 36D4:C11C 0000 C=DATA   S=_DATA          G=DGROUP  M=GETCURDI   ACBP=48
 36D4:C11C 0000 C=DATA   S=_DATA          G=DGROUP  M=GETDATE    ACBP=48
 36D4:C11C 0000 C=DATA   S=_DATA          G=DGROUP  M=GETDISK    ACBP=48
 36D4:C11C 0000 C=DATA   S=_DATA          G=DGROUP  M=GETFAT     ACBP=48
 36D4:C11C 0000 C=DATA   S=_DATA          G=DGROUP  M=GETVECT    ACBP=48
 36D4:C11C 0000 C=DATA   S=_DATA          G=DGROUP  M=H_LDIV     ACBP=48
 36D4:C11C 0000 C=DATA   S=_DATA          G=DGROUP  M=H_LLSH     ACBP=48
 36D4:C11C 0000 C=DATA   S=_DATA          G=DGROUP  M=H_LURSH    ACBP=48
 36D4:C11C 0000 C=DATA   S=_DATA          G=DGROUP  M=H_PADD     ACBP=48
 36D4:C11C 0000 C=DATA   S=_DATA          G=DGROUP  M=H_PSBP     ACBP=48
 36D4:C11C 005B C=DATA   S=_DATA          G=DGROUP  M=IOERROR    ACBP=48
 36D4:C178 0000 C=DATA   S=_DATA          G=DGROUP  M=ISATTY     ACBP=48
 36D4:C178 0000 C=DATA   S=_DATA          G=DGROUP  M=LONGTOA    ACBP=48
 36D4:C178 0000 C=DATA   S=_DATA          G=DGROUP  M=LSEEK      ACBP=48
 36D4:C178 0009 C=DATA   S=_DATA          G=DGROUP  M=MKNAME     ACBP=48
 36D4:C182 0000 C=DATA   S=_DATA          G=DGROUP  M=N_LXMUL    ACBP=48
 36D4:C182 0000 C=DATA   S=_DATA          G=DGROUP  M=N_PCMP     ACBP=48
 36D4:C182 0000 C=DATA   S=_DATA          G=DGROUP  M=READA      ACBP=48
 36D4:C182 0000 C=DATA   S=_DATA          G=DGROUP  M=REMOVE     ACBP=48
 36D4:C182 0080 C=DATA   S=_DATA          G=DGROUP  M=SCANNER    ACBP=48
 36D4:C202 0000 C=DATA   S=_DATA          G=DGROUP  M=SCANTOL    ACBP=48
 36D4:C202 0000 C=DATA   S=_DATA          G=DGROUP  M=SEGREAD    ACBP=48
 36D4:C202 0000 C=DATA   S=_DATA          G=DGROUP  M=SETUPIO    ACBP=48
 36D4:C202 0000 C=DATA   S=_DATA          G=DGROUP  M=SIGDATA    ACBP=48
 36D4:C202 0002 C=DATA   S=_DATA          G=DGROUP  M=STKLEN     ACBP=48
 36D4:C204 0000 C=DATA   S=_DATA          G=DGROUP  M=TOLOWER    ACBP=48
 36D4:C204 0000 C=DATA   S=_DATA          G=DGROUP  M=UNLINK     ACBP=48
 36D4:C204 0067 C=DATA   S=_DATA          G=DGROUP  M=VPRINTER   ACBP=48
 36D4:C26C 0000 C=DATA   S=_DATA          G=DGROUP  M=VRAM       ACBP=48
 36D4:C26C 0002 C=DATA   S=_DATA          G=DGROUP  M=WSCROLL    ACBP=48
 36D4:C26E 0000 C=DATA   S=_DATA          G=DGROUP  M=_STPCPY    ACBP=48
 36D4:C26E 0000 C=DATA   S=_DATA          G=DGROUP  M=BIOSKEY    ACBP=48
 36D4:C26E 0000 C=DATA   S=_DATA          G=DGROUP  M=CALLOC     ACBP=48
 36D4:C26E 0000 C=DATA   S=_DATA          G=DGROUP  M=CORELEFT   ACBP=48
 36D4:C26E 0000 C=DATA   S=_DATA          G=DGROUP  M=CPRINTF    ACBP=48
 36D4:C26E 0018 C=DATA   S=_DATA          G=DGROUP  M=CRTINIT    ACBP=48
 36D4:C286 0031 C=DATA   S=_DATA          G=DGROUP  M=CVTFAK     ACBP=48
 36D4:C2B8 0004 C=DATA   S=_DATA          G=DGROUP  M=DELAY      ACBP=48
 36D4:C2BC 0000 C=DATA   S=_DATA          G=DGROUP  M=FARHEAP    ACBP=48
 36D4:C2BC 0002 C=DATA   S=_DATA          G=DGROUP  M=FBRK       ACBP=48
 36D4:C2BE 0000 C=DATA   S=_DATA          G=DGROUP  M=FCORELFT   ACBP=48
 36D4:C2BE 0000 C=DATA   S=_DATA          G=DGROUP  M=GETCH      ACBP=48
 36D4:C2BE 0000 C=DATA   S=_DATA          G=DGROUP  M=GEXIT      ACBP=48
 36D4:C2BE 0000 C=DATA   S=_DATA          G=DGROUP  M=GFREEMEM   ACBP=48
 36D4:C2BE 0000 C=DATA   S=_DATA          G=DGROUP  M=GGETMEM    ACBP=48
 36D4:C2BE 0000 C=DATA   S=_DATA          G=DGROUP  M=GPTEXT     ACBP=48
 36D4:C2BE 0000 C=DATA   S=_DATA          G=DGROUP  M=INT86      ACBP=48
 36D4:C2BE 0000 C=DATA   S=_DATA          G=DGROUP  M=INTDOS     ACBP=48
 36D4:C2BE 0000 C=DATA   S=_DATA          G=DGROUP  M=INTR       ACBP=48
 36D4:C2BE 0000 C=DATA   S=_DATA          G=DGROUP  M=IOCTL      ACBP=48
 36D4:C2BE 0002 C=DATA   S=_DATA          G=DGROUP  M=KBHIT      ACBP=48
 36D4:C2C0 0000 C=DATA   S=_DATA          G=DGROUP  M=MOVETEXT   ACBP=48
 36D4:C2C0 0000 C=DATA   S=_DATA          G=DGROUP  M=PUTCH      ACBP=48
 36D4:C2C0 0000 C=DATA   S=_DATA          G=DGROUP  M=REALCVT    ACBP=48
 36D4:C2C0 0000 C=DATA   S=_DATA          G=DGROUP  M=SCANTOD    ACBP=48
 36D4:C2C0 0000 C=DATA   S=_DATA          G=DGROUP  M=SCREEN     ACBP=48
 36D4:C2C0 0000 C=DATA   S=_DATA          G=DGROUP  M=SCROLL     ACBP=48
 36D4:C2C0 0000 C=DATA   S=_DATA          G=DGROUP  M=SETBLOCK   ACBP=48
 36D4:C2C0 0000 C=DATA   S=_DATA          G=DGROUP  M=SOUND      ACBP=48
 36D4:C2C0 0000 C=DATA   S=_DATA          G=DGROUP  M=STACK      ACBP=48
 36D4:C2C0 0000 C=DATA   S=_DATA          G=DGROUP  M=WHEREXY    ACBP=48
 36D4:C2C0 0000 C=DATA   S=_DATA          G=DGROUP  M=ACCESS     ACBP=48
 36D4:C2C0 0000 C=DATA   S=_DATA          G=DGROUP  M=ATOL       ACBP=48
 36D4:C2C0 0000 C=DATA   S=_DATA          G=DGROUP  M=CHMODA     ACBP=48
 36D4:C2C0 0000 C=DATA   S=_DATA          G=DGROUP  M=CLOSE      ACBP=48
 36D4:C2C0 0000 C=DATA   S=_DATA          G=DGROUP  M=CLOSEA     ACBP=48
 36D4:C2C0 0000 C=DATA   S=_DATA          G=DGROUP  M=CREATA     ACBP=48
 36D4:C2C0 0000 C=DATA   S=_DATA          G=DGROUP  M=EOF        ACBP=48
 36D4:C2C0 0000 C=DATA   S=_DATA          G=DGROUP  M=FCLOSE     ACBP=48
 36D4:C2C0 0000 C=DATA   S=_DATA          G=DGROUP  M=FFLUSH     ACBP=48
 36D4:C2C0 0000 C=DATA   S=_DATA          G=DGROUP  M=FINDFIRS   ACBP=48
 36D4:C2C0 0000 C=DATA   S=_DATA          G=DGROUP  M=FLENGTH    ACBP=48
 36D4:C2C0 0000 C=DATA   S=_DATA          G=DGROUP  M=FLUSHALL   ACBP=48
 36D4:C2C0 0000 C=DATA   S=_DATA          G=DGROUP  M=FNMERGE    ACBP=48
 36D4:C2C0 0000 C=DATA   S=_DATA          G=DGROUP  M=FNSPLIT    ACBP=48
 36D4:C2C0 0000 C=DATA   S=_DATA          G=DGROUP  M=FOPEN      ACBP=48
 36D4:C2C0 0000 C=DATA   S=_DATA          G=DGROUP  M=FPRINTF    ACBP=48
 36D4:C2C0 0000 C=DATA   S=_DATA          G=DGROUP  M=FREAD      ACBP=48
 36D4:C2C0 0000 C=DATA   S=_DATA          G=DGROUP  M=FSCANF     ACBP=48
 36D4:C2C0 0000 C=DATA   S=_DATA          G=DGROUP  M=FSEEK      ACBP=48
 36D4:C2C0 0000 C=DATA   S=_DATA          G=DGROUP  M=FWRITE     ACBP=48
 36D4:C2C0 0000 C=DATA   S=_DATA          G=DGROUP  M=GETC       ACBP=48
 36D4:C2C0 0000 C=DATA   S=_DATA          G=DGROUP  M=LTOA1      ACBP=48
 36D4:C2C0 0000 C=DATA   S=_DATA          G=DGROUP  M=MAKEPATH   ACBP=48
 36D4:C2C0 0000 C=DATA   S=_DATA          G=DGROUP  M=MEMCCPY    ACBP=48
 36D4:C2C0 0000 C=DATA   S=_DATA          G=DGROUP  M=MEMCHR     ACBP=48
 36D4:C2C0 0000 C=DATA   S=_DATA          G=DGROUP  M=MEMCPY     ACBP=48
 36D4:C2C0 0000 C=DATA   S=_DATA          G=DGROUP  M=MEMSET     ACBP=48
 36D4:C2C0 0000 C=DATA   S=_DATA          G=DGROUP  M=MOVMEM     ACBP=48
 36D4:C2C0 0000 C=DATA   S=_DATA          G=DGROUP  M=OPEN       ACBP=48
 36D4:C2C0 0000 C=DATA   S=_DATA          G=DGROUP  M=OPENA      ACBP=48
 36D4:C2C0 0000 C=DATA   S=_DATA          G=DGROUP  M=PRINTF     ACBP=48
 36D4:C2C0 0001 C=DATA   S=_DATA          G=DGROUP  M=PUTC       ACBP=48
 36D4:C2C2 0000 C=DATA   S=_DATA          G=DGROUP  M=QSORT      ACBP=48
 36D4:C2C2 0000 C=DATA   S=_DATA          G=DGROUP  M=READ       ACBP=48
 36D4:C2C2 0000 C=DATA   S=_DATA          G=DGROUP  M=READU      ACBP=48
 36D4:C2C2 0004 C=DATA   S=_DATA          G=DGROUP  M=SETVBUF    ACBP=48
 36D4:C2C6 0000 C=DATA   S=_DATA          G=DGROUP  M=SPLITPTH   ACBP=48
 36D4:C2C6 0000 C=DATA   S=_DATA          G=DGROUP  M=STRCAT     ACBP=48
 36D4:C2C6 0000 C=DATA   S=_DATA          G=DGROUP  M=STRCMP     ACBP=48
 36D4:C2C6 0000 C=DATA   S=_DATA          G=DGROUP  M=STRCPY     ACBP=48
 36D4:C2C6 0000 C=DATA   S=_DATA          G=DGROUP  M=STRLEN     ACBP=48
 36D4:C2C6 0000 C=DATA   S=_DATA          G=DGROUP  M=STRNCAT    ACBP=48
 36D4:C2C6 0000 C=DATA   S=_DATA          G=DGROUP  M=STRNCMP    ACBP=48
 36D4:C2C6 0000 C=DATA   S=_DATA          G=DGROUP  M=STRNCPY    ACBP=48
 36D4:C2C6 0000 C=DATA   S=_DATA          G=DGROUP  M=STRSET     ACBP=48
 36D4:C2C6 0000 C=DATA   S=_DATA          G=DGROUP  M=STRSTR     ACBP=48
 36D4:C2C6 0000 C=DATA   S=_DATA          G=DGROUP  M=STRTOL     ACBP=48
 36D4:C2C6 0000 C=DATA   S=_DATA          G=DGROUP  M=STRUPR     ACBP=48
 36D4:C2C6 0000 C=DATA   S=_DATA          G=DGROUP  M=UNGETC     ACBP=48
 36D4:C2C6 0000 C=DATA   S=_DATA          G=DGROUP  M=WRITE      ACBP=48
 36D4:C2C6 0000 C=DATA   S=_DATA          G=DGROUP  M=WRITEA     ACBP=48
 36D4:C2C6 0000 C=DATA   S=_DATA          G=DGROUP  M=XFCLOSE    ACBP=48
 36D4:C2C6 0000 C=DATA   S=_DATA          G=DGROUP  M=XFFLUSH    ACBP=48
 36D4:C2C6 0000 C=DATA   S=_CVTSEG        G=DGROUP  M=c0.ASM     ACBP=48
 36D4:C2C6 0002 C=DATA   S=_CVTSEG        G=DGROUP  M=REALCVT    ACBP=48
 36D4:C2C8 0002 C=DATA   S=_CVTSEG        G=DGROUP  M=CVTFAK     ACBP=48
 36D4:C2CA 0000 C=DATA   S=_CVTSEG        G=DGROUP  M=REALCVT    ACBP=48
 36D4:C2CA 0000 C=DATA   S=_SCNSEG        G=DGROUP  M=c0.ASM     ACBP=48
 36D4:C2CA 0006 C=DATA   S=_SCNSEG        G=DGROUP  M=SCANTOD    ACBP=48
 36D4:C2D0 0006 C=DATA   S=_SCNSEG        G=DGROUP  M=CVTFAK     ACBP=48
 36D4:C2D6 0000 C=DATA   S=_SCNSEG        G=DGROUP  M=SCANTOD    ACBP=48
 36D4:C2D6 0000 C=DATA   S=GRAPH          G=DGROUP  M=GRAPHC     ACBP=48
 36D4:C2D6 0000 C=CONST  S=_CONST         G=DGROUP  M=c0.ASM     ACBP=48
 36D4:C2D6 0000 C=INITDATA S=_INIT_         G=DGROUP  M=c0.ASM     ACBP=48
 36D4:C2D6 0006 C=INITDATA S=_INIT_         G=DGROUP  M=FPINIT     ACBP=48
 36D4:C2DC 0006 C=INITDATA S=_INIT_         G=DGROUP  M=SETUPIO    ACBP=48
 36D4:C2E2 0006 C=INITDATA S=_INIT_         G=DGROUP  M=CRTINIT    ACBP=48
 36D4:C2E8 0006 C=INITDATA S=_INIT_         G=DGROUP  M=DELAY      ACBP=48
 36D4:C2EE 0000 C=INITDATA S=_INITEND_      G=DGROUP  M=c0.ASM     ACBP=28
 36D4:C2EE 0000 C=EXITDATA S=_EXIT_         G=DGROUP  M=c0.ASM     ACBP=48
 36D4:C2EE 0006 C=EXITDATA S=_EXIT_         G=DGROUP  M=FPINIT     ACBP=48
 36D4:C2F4 0000 C=EXITDATA S=_EXITEND_      G=DGROUP  M=c0.ASM     ACBP=28
 36D4:C2F4 0000 C=BSS    S=_BSS           G=DGROUP  M=c0.ASM     ACBP=48
 36D4:C2F4 000A C=BSS    S=_BSS           G=DGROUP  M=CONTROL.C  ACBP=48
 36D4:C2FE 000A C=BSS    S=_BSS           G=DGROUP  M=HISTORY.C  ACBP=48
 36D4:C308 000A C=BSS    S=_BSS           G=DGROUP  M=UTIL.C     ACBP=48
 36D4:C312 000A C=BSS    S=_BSS           G=DGROUP  M=NOW.C      ACBP=48
 36D4:C31C 000A C=BSS    S=_BSS           G=DGROUP  M=SETUP.C    ACBP=48
 36D4:C326 0014 C=BSS    S=_BSS           G=DGROUP  M=DIALOG.C   ACBP=48
 36D4:C33A 0000 C=BSS    S=_BSS           G=DGROUP  M=WAITSEND.C ACBP=48
 36D4:C33A 000A C=BSS    S=_BSS           G=DGROUP  M=MAIN.C     ACBP=48
 36D4:C344 000A C=BSS    S=_BSS           G=DGROUP  M=DEL.C      ACBP=48
 36D4:C34E 000A C=BSS    S=_BSS           G=DGROUP  M=NEW.C      ACBP=48
 36D4:C358 0000 C=BSS    S=_BSS           G=DGROUP  M=RS232.C    ACBP=48
 36D4:C358 000A C=BSS    S=_BSS           G=DGROUP  M=SELECT.C   ACBP=48
 36D4:C362 000F C=BSS    S=_BSS           G=DGROUP  M=BASIC      ACBP=48
 36D4:C372 0278 C=BSS    S=_BSS           G=DGROUP  M=CHINESE    ACBP=48
 36D4:C5EA 0026 C=BSS    S=_BSS           G=DGROUP  M=COMBO      ACBP=48
 36D4:C610 0024 C=BSS    S=_BSS           G=DGROUP  M=DIRLIST    ACBP=48
 36D4:C634 0186 C=BSS    S=_BSS           G=DGROUP  M=DRIVLIST   ACBP=48
 36D4:C7BA 0022 C=BSS    S=_BSS           G=DGROUP  M=FILELIST   ACBP=48
 36D4:C7DC 0000 C=BSS    S=_BSS           G=DGROUP  M=IMAGE      ACBP=48
 36D4:C7DC 001C C=BSS    S=_BSS           G=DGROUP  M=LISTED     ACBP=48
 36D4:C7F8 00C0 C=BSS    S=_BSS           G=DGROUP  M=MENU       ACBP=48
 36D4:C8B8 0001 C=BSS    S=_BSS           G=DGROUP  M=MOUSE      ACBP=48
 36D4:C8BA 000E C=BSS    S=_BSS           G=DGROUP  M=OPTION     ACBP=48
 36D4:C8C8 2004 C=BSS    S=_BSS           G=DGROUP  M=OUTTEXT    ACBP=48
 36D4:E8CC 002E C=BSS    S=_BSS           G=DGROUP  M=PY         ACBP=48
 36D4:E8FA 000A C=BSS    S=_BSS           G=DGROUP  M=WINDOWS    ACBP=48
 36D4:E904 0003 C=BSS    S=_BSS           G=DGROUP  M=EMS        ACBP=48
 36D4:E908 0005 C=BSS    S=_BSS           G=DGROUP  M=XMS        ACBP=48
 36D4:E90E 0000 C=BSS    S=_BSS           G=DGROUP  M=LDTRUNC    ACBP=48
 36D4:E90E 0000 C=BSS    S=_BSS           G=DGROUP  M=REALCVT    ACBP=48
 36D4:E90E 0000 C=BSS    S=_BSS           G=DGROUP  M=SCANTOD    ACBP=48
 36D4:E90E 0000 C=BSS    S=_BSS           G=DGROUP  M=XCVT       ACBP=48
 36D4:E90E 0000 C=BSS    S=_BSS           G=DGROUP  M=_POW10     ACBP=48
 36D4:E90E 0000 C=BSS    S=_BSS           G=DGROUP  M=ABS        ACBP=48
 36D4:E90E 0080 C=BSS    S=_BSS           G=DGROUP  M=ATEXIT     ACBP=48
 36D4:E98E 0000 C=BSS    S=_BSS           G=DGROUP  M=CHDIR      ACBP=48
 36D4:E98E 0000 C=BSS    S=_BSS           G=DGROUP  M=DOSFATTR   ACBP=48
 36D4:E98E 0000 C=BSS    S=_BSS           G=DGROUP  M=GETCURDI   ACBP=48
 36D4:E98E 0000 C=BSS    S=_BSS           G=DGROUP  M=GETFAT     ACBP=48
 36D4:E98E 0000 C=BSS    S=_BSS           G=DGROUP  M=GETVECT    ACBP=48
 36D4:E98E 0000 C=BSS    S=_BSS           G=DGROUP  M=IOERROR    ACBP=48
 36D4:E98E 0000 C=BSS    S=_BSS           G=DGROUP  M=ISATTY     ACBP=48
 36D4:E98E 0000 C=BSS    S=_BSS           G=DGROUP  M=LONGTOA    ACBP=48
 36D4:E98E 0000 C=BSS    S=_BSS           G=DGROUP  M=LSEEK      ACBP=48
 36D4:E98E 000D C=BSS    S=_BSS           G=DGROUP  M=MKNAME     ACBP=48
 36D4:E99C 0000 C=BSS    S=_BSS           G=DGROUP  M=READA      ACBP=48
 36D4:E99C 0000 C=BSS    S=_BSS           G=DGROUP  M=REMOVE     ACBP=48
 36D4:E99C 0000 C=BSS    S=_BSS           G=DGROUP  M=SCANNER    ACBP=48
 36D4:E99C 0000 C=BSS    S=_BSS           G=DGROUP  M=SCANTOL    ACBP=48
 36D4:E99C 0000 C=BSS    S=_BSS           G=DGROUP  M=SEGREAD    ACBP=48
 36D4:E99C 0000 C=BSS    S=_BSS           G=DGROUP  M=SETUPIO    ACBP=48
 36D4:E99C 0004 C=BSS    S=_BSS           G=DGROUP  M=SIGDATA    ACBP=48
 36D4:E9A0 0000 C=BSS    S=_BSS           G=DGROUP  M=UNLINK     ACBP=48
 36D4:E9A0 0000 C=BSS    S=_BSS           G=DGROUP  M=VPRINTER   ACBP=48
 36D4:E9A0 0000 C=BSS    S=_BSS           G=DGROUP  M=VRAM       ACBP=48
 36D4:E9A0 0000 C=BSS    S=_BSS           G=DGROUP  M=BIOSKEY    ACBP=48
 36D4:E9A0 0000 C=BSS    S=_BSS           G=DGROUP  M=CORELEFT   ACBP=48
 36D4:E9A0 0000 C=BSS    S=_BSS           G=DGROUP  M=CRTINIT    ACBP=48
 36D4:E9A0 0000 C=BSS    S=_BSS           G=DGROUP  M=DELAY      ACBP=48
 36D4:E9A0 0000 C=BSS    S=_BSS           G=DGROUP  M=GETCH      ACBP=48
 36D4:E9A0 0000 C=BSS    S=_BSS           G=DGROUP  M=INT86      ACBP=48
 36D4:E9A0 0000 C=BSS    S=_BSS           G=DGROUP  M=INTDOS     ACBP=48
 36D4:E9A0 0000 C=BSS    S=_BSS           G=DGROUP  M=INTR       ACBP=48
 36D4:E9A0 0000 C=BSS    S=_BSS           G=DGROUP  M=IOCTL      ACBP=48
 36D4:E9A0 0000 C=BSS    S=_BSS           G=DGROUP  M=KBHIT      ACBP=48
 36D4:E9A0 0000 C=BSS    S=_BSS           G=DGROUP  M=SETBLOCK   ACBP=48
 36D4:E9A0 0000 C=BSS    S=_BSS           G=DGROUP  M=SOUND      ACBP=48
 36D4:E9A0 0000 C=BSS    S=_BSS           G=DGROUP  M=ATOL       ACBP=48
 36D4:E9A0 0000 C=BSS    S=_BSS           G=DGROUP  M=CHMODA     ACBP=48
 36D4:E9A0 0000 C=BSS    S=_BSS           G=DGROUP  M=CLOSEA     ACBP=48
 36D4:E9A0 0000 C=BSS    S=_BSS           G=DGROUP  M=CREATA     ACBP=48
 36D4:E9A0 0000 C=BSS    S=_BSS           G=DGROUP  M=EOF        ACBP=48
 36D4:E9A0 0000 C=BSS    S=_BSS           G=DGROUP  M=FINDFIRS   ACBP=48
 36D4:E9A0 0000 C=BSS    S=_BSS           G=DGROUP  M=FLENGTH    ACBP=48
 36D4:E9A0 0000 C=BSS    S=_BSS           G=DGROUP  M=FREAD      ACBP=48
 36D4:E9A0 0000 C=BSS    S=_BSS           G=DGROUP  M=FWRITE     ACBP=48
 36D4:E9A0 0001 C=BSS    S=_BSS           G=DGROUP  M=GETC       ACBP=48
 36D4:E9A2 0000 C=BSS    S=_BSS           G=DGROUP  M=MEMCCPY    ACBP=48
 36D4:E9A2 0000 C=BSS    S=_BSS           G=DGROUP  M=MEMCHR     ACBP=48
 36D4:E9A2 0000 C=BSS    S=_BSS           G=DGROUP  M=MEMCPY     ACBP=48
 36D4:E9A2 0000 C=BSS    S=_BSS           G=DGROUP  M=MEMSET     ACBP=48
 36D4:E9A2 0000 C=BSS    S=_BSS           G=DGROUP  M=MOVMEM     ACBP=48
 36D4:E9A2 0000 C=BSS    S=_BSS           G=DGROUP  M=OPEN       ACBP=48
 36D4:E9A2 0000 C=BSS    S=_BSS           G=DGROUP  M=OPENA      ACBP=48
 36D4:E9A2 0001 C=BSS    S=_BSS           G=DGROUP  M=PUTC       ACBP=48
 36D4:E9A4 0006 C=BSS    S=_BSS           G=DGROUP  M=QSORT      ACBP=48
 36D4:E9AA 0000 C=BSS    S=_BSS           G=DGROUP  M=READ       ACBP=48
 36D4:E9AA 0000 C=BSS    S=_BSS           G=DGROUP  M=STRCAT     ACBP=48
 36D4:E9AA 0000 C=BSS    S=_BSS           G=DGROUP  M=STRCMP     ACBP=48
 36D4:E9AA 0000 C=BSS    S=_BSS           G=DGROUP  M=STRCPY     ACBP=48
 36D4:E9AA 0000 C=BSS    S=_BSS           G=DGROUP  M=STRLEN     ACBP=48
 36D4:E9AA 0000 C=BSS    S=_BSS           G=DGROUP  M=STRNCMP    ACBP=48
 36D4:E9AA 0000 C=BSS    S=_BSS           G=DGROUP  M=STRNCPY    ACBP=48
 36D4:E9AA 0000 C=BSS    S=_BSS           G=DGROUP  M=STRSTR     ACBP=48
 36D4:E9AA 0000 C=BSS    S=_BSS           G=DGROUP  M=STRUPR     ACBP=48
 36D4:E9AA 0000 C=BSS    S=_BSS           G=DGROUP  M=UNGETC     ACBP=48
 36D4:E9AA 0000 C=BSS    S=_BSS           G=DGROUP  M=WRITEA     ACBP=48
 36D4:E9AA 0000 C=BSSEND S=_BSSEND        G=DGROUP  M=c0.ASM     ACBP=28
 456F:0000 0110 C=STACK  S=_STACK         G=(none)  M=c0.ASM     ACBP=74
 456F:0000 0080 C=STACK  S=_STACK         G=(none)  M=EMUVARS    ACBP=78

  Address         Publics by Name

 2507:18AA idle  @DGROUP
 36D4:0000 idle  DATASEG@
 0000:0291 idle  DGROUP@
 28CF:2152       e086_Entry
 28CF:26E0       e086_Shortcut
 2B47:0306       e087_Entry
 2B47:03C6       e087_Shortcut
 2B47:0430       e087_Trap
 0000:FE32 idle  FIARQQ
 0000:0E32 idle  FICRQQ
 0000:5C32  Abs  FIDRQQ
 0000:1632  Abs  FIERQQ
 0000:0632 idle  FISRQQ
 0000:A23D  Abs  FIWRQQ
 0000:4000 idle  FJARQQ
 0000:C000 idle  FJCRQQ
 0000:8000 idle  FJSRQQ
 0000:1143 idle  FTOL@
 0000:1143       F_FTOL@
 0000:13E8       F_LDIV@
 0000:13F7       F_LMOD@
 0000:13EF idle  F_LUDIV@
 0000:13FF idle  F_LUMOD@
 0000:1496       F_LXLSH@
 0000:12BA       F_LXMUL@
 0000:14B7       F_LXURSH@
 0000:3728       F_OVERFLOW@
 0000:14D8 idle  F_PADD@
 0000:1538 idle  F_PSBP@
 0000:1507 idle  F_PSUB@
 0000:12D1       F_SCOPY@
 0000:02B6       GBITMAPXY
 0000:03DF       GBITMAPXY_8X16
 0000:032E       GBITMAPXY_F
 0000:02A0 idle  GSETWRITEMODE
 0000:13E8 idle  LDIV@
 0000:13F7 idle  LMOD@
 0000:13EF idle  LUDIV@
 0000:13FF idle  LUMOD@
 0000:1496 idle  LXLSH@
 0000:12BA idle  LXMUL@
 0000:14B7 idle  LXURSH@
 0000:13E5       N_LDIV@
 0000:13F4 idle  N_LMOD@
 0000:13EC idle  N_LUDIV@
 0000:13FC idle  N_LUMOD@
 0000:1493       N_LXLSH@
 0000:173A       N_LXMUL@
 0000:14B4 idle  N_LXURSH@
 0000:3728 idle  N_OVERFLOW@
 0000:14D5       N_PADD@
 0000:1751       N_PCMP@
 0000:1535       N_PSBP@
 0000:1504 idle  N_PSUB@
 0000:3728 idle  OVERFLOW@
 0000:14D8 idle  PADD@
 0000:1538 idle  PSBP@
 0000:1507 idle  PSUB@
 0000:12D1 idle  SCOPY@
 24CD:01A6 idle  _A20_ctrl
 0000:027A       _abort
 0000:116F       _abs
 0000:3766       _access
 2507:1316       _arc
 0000:117D idle  _atexit
 0000:06DB       _atof
 0000:3812 idle  _atoi
 0000:379D       _atol
 2507:1C83       _bar
 2507:1CA6 idle  _bar3d
 0ACF:0174       _bar3dn
 0ACF:0340       _bar3du
 0ACF:051B idle  _bar3dun
 36D4:9616 idle  _baudtable
 0CC2:0001       _bian
 0000:2546       _bioskey
 1F6E:1B42 idle  _box
 1F6E:18BD idle  _box_kb
 36D4:808B       _BOYPATH
 0A53:03D5       _BOY_ADDDEC_TEST
 0B67:11F3 idle  _BOY_ALL_DISABLE
 0B67:13D2       _BOY_ALL_ENABLE
 0B67:000A       _BOY_ALL_TEST
 0ACF:055F idle  _BOY_bar3d
 0DBC:0785 idle  _BOY_CHECK_CLEAN
 0DBC:08C3       _BOY_CHECK_DISABLE
 0DBC:06D8 idle  _BOY_CHECK_DRAW
 0DBC:0833       _BOY_CHECK_ENABLE
 0DBC:0207       _BOY_CHECK_TEST
 0DBC:05BE       _BOY_CHECK_TESTm
 1B9A:0BB1       _BOY_CHINESE_TEST
 0B49:01C3       _BOY_CLOSE_ALL
 1B9A:0907       _BOY_CODE_GET
 0FDD:129C       _BOY_COMBO_DISABLE
 0FDD:1390       _BOY_COMBO_ENABLE
 0FDD:08DB       _BOY_COMBO_TEST
 0FDD:0862       _BOY_COMBO_TESTm
 12BF:112F       _BOY_DEL_IMAGEBUF
 12BF:1247       _BOY_DEL_IMAGEBUF_ALL
 111E:0009       _BOY_DESKTOP
 1153:09BD       _BOY_DIRLIST_DISABLE
 1153:099F       _BOY_DIRLIST_ENABLE
 1153:08A6       _BOY_DIRLIST_TEST
 12BF:1073       _BOY_DRAW_ICN
 12BF:1025       _BOY_DRAW_PIC
 11F0:03A1       _BOY_DRIVELIST_DISABLE
 11F0:0383       _BOY_DRIVELIST_ENABLE
 11F0:02C7       _BOY_DRIVELIST_TEST
 11F0:030C       _BOY_DRIVELIST_TESTm
 122B:06DA       _BOY_FILELIST_DISABLE
 122B:06BC       _BOY_FILELIST_ENABLE
 122B:067B       _BOY_FILELIST_TEST
 369F:0000       _BOY_FILE_NAME
 1AF8:0713       _BOY_GETHZ_COLOR
 1AF8:0704 idle  _BOY_GETHZ_FONT
 1AF8:06E2 idle  _BOY_GETHZ_XY
 12BF:0055       _BOY_GET_IMAGE
 12BF:0C50 idle  _BOY_GET_IMAGEF
 1B9A:0979       _BOY_GET_TEST
 3684:0001 idle  _BOY_HZ_BUF
 1B9A:0C8F idle  _BOY_HZ_GET
 161F:0034       _BOY_ICON_TEST
 12BF:0F52       _BOY_IMAGE_SIZE
 13F3:06CD       _BOY_INPUTBOX_DISABLE
 13F3:09CC       _BOY_INPUTBOX_ENABLE
 13F3:0CF9       _BOY_INPUTBOX_TEST
 13F3:16D9       _BOY_INPUTBOX_TESTm
 0CC2:0B7F       _BOY_KEY3D_DISABLE
 0CC2:0A96       _BOY_KEY3D_ENABLE
 0CC2:0940       _BOY_KEY3D_TEST
 0CC2:09F5       _BOY_KEY3D_TESTm
 1569:0ADA       _BOY_LABEL_TEST
 163B:0B7E       _BOY_LISTED_DISABLE
 163B:0AC9       _BOY_LISTED_ENABLE
 163B:044C       _BOY_LISTED_TEST
 16F9:1071 idle  _BOY_MENU_DISABLE
 16F9:1191 idle  _BOY_MENU_DISABLE1
 16F9:1345 idle  _BOY_MENU_ENABLE
 16F9:166C       _BOY_MENU_TEST
 19B6:0188       _BOY_MOUSE_BUTTON
 19B6:0074 idle  _BOY_MOUSE_DGET
 19B6:004F       _BOY_MOUSE_GET
 19B6:0099       _BOY_MOUSE_GETALL
 19B6:0039       _BOY_MOUSE_HIDE
 19B6:0154 idle  _BOY_MOUSE_INBOX
 19B6:003F       _BOY_MOUSE_MOVE
 19B6:00CA       _BOY_MOUSE_TYPE
 19B6:0033       _BOY_MOUSE_VIEW
 19CF:0E6C idle  _BOY_OPTION_CLEAN
 19CF:0191 idle  _BOY_OPTION_CLEANHELP
 19CF:0DA2       _BOY_OPTION_DISABLE
 19CF:0ECF idle  _BOY_OPTION_DRAW
 19CF:0CF5       _BOY_OPTION_ENABLE
 19CF:025E       _BOY_OPTION_TEST
 19CF:09B2       _BOY_OPTION_TESTm
 1AF8:04E1 idle  _BOY_OUT_CHAR
 1AF8:04C5       _BOY_OUT_CHARXY
 1AF8:05DF idle  _BOY_OUT_HZ
 1AF8:04F9       _BOY_OUT_HZXY
 1AF8:04AB idle  _BOY_OUT_TEXT
 1AF8:032A       _BOY_OUT_TEXTXY
 12BF:07AA       _BOY_PUT_IMAGE
 12BF:0E48       _BOY_PUT_IMAGEF
 1CDC:0867       _BOY_SCROLL_DISABLE
 1CDC:082C       _BOY_SCROLL_ENABLE
 1CDC:14BE       _BOY_SCROLL_TEST
 1CDC:2766       _BOY_SCROLL_TESTm
 1AF8:0708       _BOY_SETHZ_COLOR
 1AF8:06F9 idle  _BOY_SETHZ_FONT
 1AF8:06D1 idle  _BOY_SETHZ_XY
 0B49:0047       _BOY_SETUP_ALL
 19B6:000C       _BOY_SET_MOUSE
 0946:014B idle  _BOY_Windows
 1F6E:0009       _BOY_WINDOWS_DISABLE
 1F6E:039B       _BOY_WINDOWS_ENABLE
 1F6E:2062       _BOY_WINDOWS_TEST
 36B2:0000       _buffer
 36D4:9629 idle  _bufin
 36D4:962B idle  _bufout
 36D4:A00A idle  _B_image
 0000:256B       _calloc
 36D4:9D08 idle  _Cfont_handle0
 36D4:9D0C idle  _Cfont_handle1
 36D4:9D12 idle  _CFONT_NAME
 36D4:9D10 idle  _CFONT_STYLE
 36D4:808A       _change
 0E6C:021A idle  _chang_hilow
 0000:11AA       _chdir
 2507:1341       _circle
 2507:0F18 idle  _cleardevice
 2507:0FCE idle  _clearviewport
 0000:3840       _close
 0767:0091       _CloseDialogWindows
 2507:0E6E       _closegraph
 0E6C:07E2       _closehzk
 1B9A:08DB       _CLOSE_BOY_CHINESE
 16F9:1615       _CLOSE_BOY_MENU
 1F6E:3BA2       _CLOSE_BOY_WINDOWS
 1AF8:000D       _close_efont
 36D4:8088       _COM
 09CA:0282       _Com_Close
 09CA:0113       _Com_Init
 36D4:8089       _Connect
 059E:000A       _Control
 0000:25C8       _coreleft
 0000:2700 idle  _cprintf
 0767:06AA       _CreateAboutWindows
 0767:000C       _CreateDialogWindows
 0767:0507       _CreateErrorWindows
 0767:08BF idle  _CreateFileWindows
 0767:05C5 idle  _CreateInputWindows
 0767:0784       _CreateWarningWindows
 0A53:000E       _CREATE_BOY_ADDDEC
 0ACF:065A       _CREATE_BOY_BAR3D
 0DBC:0009       _CREATE_BOY_CHECK
 1B9A:064E       _CREATE_BOY_CHINESE
 0FDD:072D       _CREATE_BOY_COMBO
 1153:077E       _CREATE_BOY_DIRLIST
 11F0:021D       _CREATE_BOY_DRIVELIST
 122B:0577       _CREATE_BOY_FILELIST
 129A:0008       _CREATE_BOY_FRAME
 161F:0009       _CREATE_BOY_ICON
 13F3:047F       _CREATE_BOY_INPUTBOX
 0CC2:045E       _CREATE_BOY_KEY3D
 1569:00A1       _CREATE_BOY_LABEL
 161F:0092       _CREATE_BOY_LINE
 163B:0094       _CREATE_BOY_LISTED
 16F9:006C       _CREATE_BOY_MENU
 19CF:000B       _CREATE_BOY_OPTION
 161F:019B       _CREATE_BOY_PICTURE
 1CDC:08A7       _CREATE_BOY_SCROLL
 1F6E:0861 idle  _CREATE_BOY_WINDOWS
 1F6E:2902       _CREATE_WINDOWS_ALL
 0000:38E6 idle  _creatnew
 0000:38CB idle  _creattemp
 36D4:65FA idle  _CS_Dialog
 36D4:8086       _current_station
 36D4:9D0A idle  _C_font0
 36D4:9D0E idle  _C_font1
 097C:0002       _del
 0000:291C       _delay
 2507:0671 idle  _detectgraph
 36D4:70D4 idle  _DialogIcon
 36D4:6D68 idle  _DialogInputbox
 36D4:65FC idle  _DialogKey3d
 36D4:69AD       _DialogLabel
 36A9:0000       _DialogPath
 36D4:712A idle  _DialogPicture
 36AE:0000       _DialogTab
 36AF:0000       _DialogTotal
 369B:0000       _DialogType
 36D4:717E idle  _DialogWindows
 2BA4:0000 idle  _DirBuf
 36D4:C27D       _directvideo
 36D4:C612 idle  _DirList
 1153:0008 idle  _dir_splite
 12BF:000B idle  _diskfree
 36A4:0000       _DLGPATH
 3696:0000       _DLL_openname
 3695:0000       _DLL_test
 16F9:2BA0 idle  _do0
 2507:1C43 idle  _drawpoly
 19CF:10DD       _draw_button
 19CF:11F7 idle  _draw_ins_button
 36D4:B3D4 idle  _Efont_handle
 2507:1CE7       _ellipse
 246B:0181 idle  _ems_allheadlepages
 36D4:E904 idle  _ems_baseaddr
 246B:021B idle  _ems_changepagemap
 36D4:E906       _ems_error
 246B:0122       _ems_free
 246B:015B idle  _ems_freeheadle
 246B:00D8 idle  _ems_freepage
 246B:01B5 idle  _ems_getpagemap
 246B:016C idle  _ems_headlepages
 246B:00E6       _ems_malloc
 246B:027E       _ems_move
 246B:00FB idle  _ems_pagemap
 246B:025A idle  _ems_pagemapsize
 246B:00CA idle  _ems_pageseg
 246B:0148 idle  _ems_restorepage
 246B:0135 idle  _ems_savepage
 246B:01E8 idle  _ems_setpagemap
 246B:00BE idle  _ems_status
 246B:0007       _ems_test
 246B:00B9 idle  _ems_version
 0000:3901       _eof
 36D4:007F       _errno
 0000:127F       _exit
 36D4:B3D6 idle  _E_font
 0000:2EEF       _farcoreleft
 0000:2ABD       _farfree
 0000:2BD1       _farmalloc
 0000:2D35 idle  _farrealloc
 0000:3978       _fclose
 0000:3A30       _fflush
 0000:433F       _fgetc
 0000:442D idle  _fgetchar
 0000:3B5D       _filelength
 1AF8:0717 idle  _file_show
 1AF8:0961 idle  _file_switch
 2507:1D17       _fillellipse
 2507:1C63 idle  _fillpoly
 0000:3AFD       _findfirst
 0000:3B30       _findnext
 2507:1F06       _floodfill
 0000:3B9E       _flushall
 0000:3BE0       _fnmerge
 0000:3C0B       _fnsplit
 0000:3E0D       _fopen
 0000:3E42       _fprintf
 0000:48D2 idle  _fputc
 0000:4A67 idle  _fputchar
 19CF:0F67 idle  _FRAME_OPTION
 0000:3F52       _fread
 0000:2ABD       _free
 0000:3FE0       _fscanf
 0000:4086       _fseek
 36D4:C58C idle  _ft
 0000:4106 idle  _ftell
 0000:41E6       _fwrite
 2507:1D84 idle  _getarccoords
 2507:136D idle  _getaspectratio
 09CA:0004       _getb
 0E6C:000F idle  _getbit
 2507:1419 idle  _getbkcolor
 0000:2F3F       _getch
 0000:2F5B idle  _getche
 2507:1408       _getcolor
 0000:12ED       _getcurdir
 0000:130A       _getdate
 2507:1E04       _getdefaultpalette
 0000:139C       _getdfree
 0767:02FD idle  _GetDialogPath
 0767:0049 idle  _GetDialogWindows
 0000:1330       _getdisk
 2507:10CA idle  _getdrivername
 0000:137E idle  _getfat
 0000:1369 idle  _getfatd
 2507:127F idle  _getfillpattern
 2507:122E       _getfillsettings
 2507:0E19 idle  _getgraphmode
 2507:20B7       _getimage
 2507:1176       _getlinesettings
 2507:1DCE       _getmaxcolor
 2507:1E42       _getmaxmode
 2507:10A4       _getmaxx
 2507:10B7       _getmaxy
 2507:10F0 idle  _getmodename
 2507:05D2 idle  _getmoderange
 2507:1513       _getpalette
 2507:1DE9       _getpalettesize
 2507:2076       _getpixel
 0000:2FCB       _gettext
 2507:15F6 idle  _gettextsettings
 0000:131D       _gettime
 0000:13C5       _getvect
 2507:0FAF idle  _getviewsettings
 1F6E:4797 idle  _GetWindowsMax
 2507:1086 idle  _getx
 2507:1095 idle  _gety
 122B:0490       _get_cur_dir
 1153:03CD idle  _get_dir_name
 122B:003D idle  _get_file_name
 122B:0296 idle  _get_file_num
 2507:089F idle  _graphdefaults
 2507:0193       _grapherrormsg
 2507:030D       _graphresult
 36D4:8072 idle  _Help
 06C4:000A       _hex
 066C:000E       _History
 24CD:019B idle  _hma_free
 24CD:0189 idle  _hma_malloc
 36D4:C4D0 idle  _ht
 36D4:A108 idle  _IDNO
 2507:1532       _imagesize
 2507:0985       _initgraph
 1AF8:0137       _init_boy_windows_font
 0E6C:0838 idle  _init_cfont0
 0E6C:0987 idle  _init_cfont1
 36D4:A03E idle  _INPUT_TEXT_BUF
 2507:0BF9 idle  _installuserdriver
 2507:0CE7 idle  _installuserfont
 0CC2:0064 idle  _ins_key
 0000:3077 idle  _int86
 0000:30A8       _int86x
 0000:3141       _intdos
 0000:316F       _intdosx
 0000:31CF       _intr
 0000:3273       _ioctl
 0000:15A8       _isatty
 0000:4439       _itoa
 0000:329C       _kbhit
 36D4:C52E idle  _kt
 2507:1C20       _line
 2507:113B idle  _linerel
 2507:1114 idle  _lineto
 0000:165B       _lseek
 0000:4481       _ltoa
 0946:000D       _main
 1153:0248 idle  _make_dir
 246B:0264 idle  _make_ptr
 0000:2BC7       _malloc
 36D4:B5EC idle  _MAX_X
 36D4:B5EE idle  _MAX_Y
 0000:457A       _memccpy
 0000:45B3       _memchr
 0000:45D6       _memcpy
 0000:468F idle  _memmove
 0000:461E       _memset
 36D4:A11C idle  _mouse_type
 36D4:A11A       _MOUSE_TYPE_TAB
 1F6E:1E83 idle  _movebox
 1F6E:1625 idle  _movebox_kb
 2507:1066 idle  _moverel
 0000:32AE       _movetext
 2507:103F idle  _moveto
 36D4:E8FA idle  _MOVE_BOX
 0000:463D       _movmem
 09A1:0099       _New
 0ACF:0006       _new_3dbar
 0000:370F       _nosound
 06D2:0007       _Now
 36D4:C610 idle  _OldDir
 0000:46DD       _open
 0E6C:0AB2       _openhzk
 2507:1615 idle  _outtext
 2507:1F7B       _outtextxy
 36D4:9624 idle  _paritytable
 2507:13A3 idle  _pieslice
 36D3:0000       _PortAddr
 36D2:0000       _portf
 2507:18EE idle  _postdevice
 0000:1138       _pow10
 0000:489B       _printf
 09CA:0097 idle  _putb
 0000:334B       _putch
 0E6C:02F0       _puthz16
 0E6C:0C33       _puthz163d
 0E6C:0684       _puthz24
 0E6C:0CD1       _puthz24_2
 0E6C:12E4       _puthz24_2_small
 0E6C:0EBE       _puthz24_small
 2507:1567       _putimage
 2507:2097       _putpixel
 0000:3021       _puttext
 0000:4F32       _qsort
 0000:502B       _read
 0767:00BA       _ReadDialogWindows
 246B:0448       _read_file_to_ems
 24CD:01B9       _read_file_to_xms
 0000:2D2E       _realloc
 09CA:00E2 idle  _receiver
 09CA:03CC       _ReceviceData
 2507:11D8       _rectangle
 0ACF:0127       _rectangle_3d_n
 0ACF:00DA       _rectangle_3d_u
 09CA:0365       _recvice_r
 09CA:0048       _Recvice_String
 36D4:B5EA idle  _ReDrawWindows
 1CDC:27CA       _REDRAW_BOY_SCROLL
 1F6E:2EDA idle  _REDRAW_WINDOWS_ALL
 2507:03F3 idle  _registerfarbgidriver
 2507:04AC idle  _registerfarbgifont
 0000:17A1       _remove
 0E6C:0021 idle  _rename_ext
 2507:0E3C idle  _restorecrtmode
 1F6E:4769 idle  _RestoreWindows
 1153:06DF idle  _restore_DIRLIST
 1153:0753 idle  _return_DIRLIST
 2507:1D54       _sector
 0000:1E7A       _segread
 09CA:0407 idle  _SendData
 09CA:02F0       _sender
 09CA:039C       _Send_String
 36D4:C362       _Serial
 2507:1A12 idle  _setactivepage
 2507:142A idle  _setallpalette
 2507:138B idle  _setaspectratio
 2507:13CE idle  _setbkcolor
 0000:36C7       _setblock
 2507:1DAD       _setcolor
 0767:032C       _SetDialogPath
 0000:134A       _setdisk
 2507:129F idle  _setfillpattern
 2507:124B       _setfillstyle
 2507:059B idle  _setgraphbufsize
 2507:0D91 idle  _setgraphmode
 2507:1195       _setlinestyle
 0000:45FA       _setmem
 2507:14D0 idle  _setpalette
 2507:1E7D       _setrgbpalette
 2507:1663       _settextjustify
 2507:16A4 idle  _settextstyle
 0755:000F       _Setup
 2507:1873 idle  _setusercharsize
 0000:502E       _setvbuf
 0000:13D4       _setvect
 2507:0F33 idle  _setviewport
 2507:19EF idle  _setvisualpage
 2507:1A38       _setwritemode
 1F6E:3BCF idle  _small_menu
 122B:000F       _sort_fname
 0000:36E3       _sound
 36D4:C472 idle  _st
 3694:0000       _station
 36B0:0000       _station_sum
 0000:5424       _strcat
 0000:5463       _strcmp
 0000:5493       _strcpy
 0000:54BC       _strlen
 0000:54DB       _strncat
 0000:553E       _strncmp
 0000:5576       _strncpy
 0000:55A7       _strset
 0000:55D2       _strstr
 0000:0D7E       _strtod
 0000:5672       _strtol
 0000:5756       _strupr
 36D4:B3D2 idle  _TabSize
 09A1:0004 idle  _test
 2507:1899 idle  _textheight
 2507:2028       _textwidth
 0000:1F54       _tolower
 1F6E:14FB idle  _tuotuanu
 0CC2:0D98 idle  _tuoyuanline
 0CC2:0C58 idle  _tuoyuann
 0CC2:0E6A idle  _tuoyuanu
 0000:4464 idle  _ultoa
 24CD:0177 idle  _umb_free
 24CD:0152 idle  _umb_freemem
 24CD:015E idle  _umb_malloc
 0000:577D idle  _ungetc
 0000:2F7F idle  _ungetch
 0000:1F80       _unlink
 36B1:0000       _vect_com
 0767:132C idle  _VerityDisk
 08A0:000F       _waitsend
 0000:3744 idle  _wherex
 0000:3753 idle  _wherey
 0A0D:0006       _win111
 36D4:B5E6 idle  _WINDOWS_Minh
 36D4:B5E8 idle  _WINDOWS_Minl
 0E6C:00B5 idle  _write_hz_16
 0E6C:0233 idle  _write_hz_24
 24CD:0139 idle  _xms_embhandle
 36D4:E908 idle  _xms_error
 24CD:0061       _xms_free
 24CD:003D idle  _xms_freemem
 24CD:00C7 idle  _xms_lock
 24CD:0048       _xms_malloc
 24CD:0073       _xms_move
 24CD:0100 idle  _xms_ptr
 24CD:00EB idle  _xms_remalloc
 24CD:0009       _xms_test
 24CD:00D9 idle  _xms_unlock
 24CD:0035 idle  _xms_version
 36D4:BCE0 idle  __8087
 0000:1000 idle  __AHINCR
 0000:000C idle  __AHSHIFT
 36D4:BE4C       __atexitcnt
 36D4:E90E       __atexittbl
 2507:1AFC       __autodetect
 36D4:B896 idle  __backcolor
 36D4:B811       __BGI_ADD
 36D4:B674       __BGI_auto
 36D4:B670       __BGI_ovr
 0000:2E25       __brk
 36D4:008B       __brklvl
 36D4:006B idle  __C0argc
 36D4:006D idle  __C0argv
 0000:27E2 idle  __c0crtinit
 36D4:0071 idle  __C0environ
 36D4:C2BF       __cChar
 0000:12A0 idle  __cexit
 36D4:C2BE       __cFlag
 0000:016A       __checknull
 36D4:B3FE       __CHINESE
 0000:3823       __chmod
 0000:0157       __cleanup
 0000:3868       __close
 0000:25CE       __CPUTN
 0000:38B3       __creat
 0000:27FF idle  __crtinit
 36D4:BE4E       __ctype
 0000:0000  Abs  __cvtfak
 0000:12AE idle  __c_exit
 36D4:B80D       __DDO_ADD
 36D4:BCF4       __default87
 36D4:C11C       __doserrno
 0000:1596       __DOSERROR
 36D4:C11E idle  __dosErrorToSV
 0000:11FF       __dos_getdrive
 0000:11C2       __dos_getfileattr
 0000:1211       __dos_setdrive
 0000:11E2 idle  __dos_setfileattr
 36D4:B894       __drawcolor
 456F:0000       __emu
 36D4:0075 idle  __envLng
 36D4:0077 idle  __envseg
 36D4:0079 idle  __envSize
 0000:128E       __exit
 36D4:BF50       __exitbuf
 36D4:BF54       __exitfopen
 36D4:BF58 idle  __exitopen
 0000:4327       __fgetc
 36D4:B895       __fillcolor
 36D4:B898       __fillstyle
 0000:8087 idle  __floatconvert
 36D4:C116       __fmode
 0000:5204       __fnsplit
 36D4:B88C       __FON_ADD
 0000:0FBE       __fperror
 36D4:C11A       __fpstklen
 0000:06D7       __fpuint
 0000:48B6 idle  __fputc
 0000:4A7B       __FPUTN
 0000:3DC3 idle  __GETFP
 0000:2F9D       __graphexit
 0000:2FAB       __graphfreemem
 0000:2FBD       __graphgetmem
 2507:0329 idle  __GraphNotInstalled
 2507:22E0       __GRP_ovr
 2507:1BCF       __gr_cleardevice
 2507:1B6D       __gr_detectgraph
 36D4:B88A idle  __gr_ErrCode
 2507:1E21       __gr_getmodename
 2507:1AAB       __gr_imagesize
 2507:1C03       __gr_lineto
 2507:1BE6       __gr_moveto
 2507:20F4       __gr_putimage
 2507:19B0       __gr_restorecrtmode
 2507:1EC2       __gr_setallpalette
 2507:1E5E       __gr_setbkcolor
 2507:1A5B       __gr_setfillpattern
 2507:1F4B       __gr_setfillstyle
 2507:197A       __gr_setgraphmode
 2507:1EDD       __gr_setlinestyle
 2507:1EA3       __gr_setpalette
 2507:1A8E       __gr_settextjustify
 2507:1FB1       __gr_settextstyle
 2507:2002       __gr_setusercharsize
 2507:194E       __gr_setviewport
 2507:2055       __gr_textheight
 36D4:0087       __heapbase
 36D4:008F       __heaptop
 36D4:BCFA       __huge_dble
 36D4:BCF6 idle  __huge_flt
 36D4:BD02 idle  __huge_ldble
 36D4:BD0C idle  __indefinite
 2507:1BAA       __initdevice
 2507:1905       __installdevice
 36D4:005B idle  __Int0Vector
 36D4:005F idle  __Int4Vector
 36D4:0063 idle  __Int5Vector
 36D4:0067 idle  __Int6Vector
 0000:155D       __IOERROR
 36D4:BCF1       __LDT
 0000:06F4       __LDTRUNC
 36D4:B897       __linestyle
 0000:15B9       __LONGTOA
 0000:44A9       __makepath
 0000:1684       __MKNAME
 0000:0293 idle  __MMODEL
 36D4:C8B8       __MOUSE
 0000:433C       __Nfgetc
 36D4:C0EC       __nfile
 0000:2F58 idle  __Ngetche
 36D4:C118       __notUmask
 0000:577A       __Nungetc
 0000:2F7C idle  __Nungetch
 0000:484C       __open
 36D4:C0EE       __openfd
 0000:3CF2 idle  __OPENFP
 36D4:007D idle  __osmajor
 36D4:007E idle  __osminor
 36D4:007D idle  __osversion
 36D4:B89F idle  __OverScanColor
 0000:106F       __POW10
 36D4:BCF0       __protected
 36D4:007B       __psp
 0000:1772       __read
 0000:3362       __REALCVT
 36D4:C2C6       __RealCvtVector
 2507:190A       __reinstalldevice
 0000:01C0       __restorezero
 0000:2E64       __sbrk
 0000:17B9       __scanner
 0000:336E       __scanpop
 0000:336A       __scanrslt
 0000:3366       __scantod
 36D4:C2CA       __ScanTodVector
 0000:1CD8       __scantol
 0000:34A8       __SCREENIO
 0000:355B       __SCROLL
 0000:1E9A       __setupio
 0000:53FA idle  __splitpath
 36D4:0081 idle  __StartTime
 36D4:B890       __StatOfs
 36D4:B892       __StatSeg
 36D4:C202       __stklen
 0000:2512       __stpcpy
 36D4:BF5C       __streams
 0000:0D12 idle  __strtold
 0000:016B       __terminate
 36D4:BD10 idle  __tiny_ldble
 0000:16E1 idle  __TMPNAM
 0000:0000 idle  __turboCrt
 0000:0000  Abs  __turboCvt
 0000:8087  Abs  __turboFloat
 0000:163B       __UTOA
 0000:34E4       __VALIDATEXY
 36D4:007D       __version
 36D4:C26E       __video
 0000:2757       __VideoInt
 0000:1FB0       __VPRINTER
 0000:2473       __VPTR
 0000:2498       __VRAM
 0000:373A       __wherexy
 0000:5939       __write
 36D4:C26C       __wscroll
 0000:0DB2       __XCVT
 0000:5975       __xfclose
 0000:59B2       __xfflush
 36D4:0085 idle  ___brklvl
 0000:297D idle  ___first
 0000:05F0 idle  ___fpreset
 0000:297F idle  ___last
 2507:0178 idle  ___move
 0000:4F5A       ___read
 0000:2981 idle  ___rover
 36D4:E99C       ___SignalPtr
 0000:57E8       ___write

  Address         Publics by Value

 0000:0000  Abs  __turboCvt
 0000:0000 idle  __turboCrt
 0000:0000  Abs  __cvtfak
 0000:000C idle  __AHSHIFT
 0000:0157       __cleanup
 0000:016A       __checknull
 0000:016B       __terminate
 0000:01C0       __restorezero
 0000:027A       _abort
 0000:0291 idle  DGROUP@
 0000:0293 idle  __MMODEL
 0000:02A0 idle  GSETWRITEMODE
 0000:02B6       GBITMAPXY
 0000:032E       GBITMAPXY_F
 0000:03DF       GBITMAPXY_8X16
 0000:05F0 idle  ___fpreset
 0000:0632 idle  FISRQQ
 0000:06D7       __fpuint
 0000:06DB       _atof
 0000:06F4       __LDTRUNC
 0000:0D12 idle  __strtold
 0000:0D7E       _strtod
 0000:0DB2       __XCVT
 0000:0E32 idle  FICRQQ
 0000:0FBE       __fperror
 0000:1000 idle  __AHINCR
 0000:106F       __POW10
 0000:1138       _pow10
 0000:1143       F_FTOL@
 0000:1143 idle  FTOL@
 0000:116F       _abs
 0000:117D idle  _atexit
 0000:11AA       _chdir
 0000:11C2       __dos_getfileattr
 0000:11E2 idle  __dos_setfileattr
 0000:11FF       __dos_getdrive
 0000:1211       __dos_setdrive
 0000:127F       _exit
 0000:128E       __exit
 0000:12A0 idle  __cexit
 0000:12AE idle  __c_exit
 0000:12BA       F_LXMUL@
 0000:12BA idle  LXMUL@
 0000:12D1       F_SCOPY@
 0000:12D1 idle  SCOPY@
 0000:12ED       _getcurdir
 0000:130A       _getdate
 0000:131D       _gettime
 0000:1330       _getdisk
 0000:134A       _setdisk
 0000:1369 idle  _getfatd
 0000:137E idle  _getfat
 0000:139C       _getdfree
 0000:13C5       _getvect
 0000:13D4       _setvect
 0000:13E5       N_LDIV@
 0000:13E8       F_LDIV@
 0000:13E8 idle  LDIV@
 0000:13EC idle  N_LUDIV@
 0000:13EF idle  F_LUDIV@
 0000:13EF idle  LUDIV@
 0000:13F4 idle  N_LMOD@
 0000:13F7       F_LMOD@
 0000:13F7 idle  LMOD@
 0000:13FC idle  N_LUMOD@
 0000:13FF idle  LUMOD@
 0000:13FF idle  F_LUMOD@
 0000:1493       N_LXLSH@
 0000:1496       F_LXLSH@
 0000:1496 idle  LXLSH@
 0000:14B4 idle  N_LXURSH@
 0000:14B7       F_LXURSH@
 0000:14B7 idle  LXURSH@
 0000:14D5       N_PADD@
 0000:14D8 idle  F_PADD@
 0000:14D8 idle  PADD@
 0000:1504 idle  N_PSUB@
 0000:1507 idle  F_PSUB@
 0000:1507 idle  PSUB@
 0000:1535       N_PSBP@
 0000:1538 idle  PSBP@
 0000:1538 idle  F_PSBP@
 0000:155D       __IOERROR
 0000:1596       __DOSERROR
 0000:15A8       _isatty
 0000:15B9       __LONGTOA
 0000:1632  Abs  FIERQQ
 0000:163B       __UTOA
 0000:165B       _lseek
 0000:1684       __MKNAME
 0000:16E1 idle  __TMPNAM
 0000:173A       N_LXMUL@
 0000:1751       N_PCMP@
 0000:1772       __read
 0000:17A1       _remove
 0000:17B9       __scanner
 0000:1CD8       __scantol
 0000:1E7A       _segread
 0000:1E9A       __setupio
 0000:1F54       _tolower
 0000:1F80       _unlink
 0000:1FB0       __VPRINTER
 0000:2473       __VPTR
 0000:2498       __VRAM
 0000:2512       __stpcpy
 0000:2546       _bioskey
 0000:256B       _calloc
 0000:25C8       _coreleft
 0000:25CE       __CPUTN
 0000:2700 idle  _cprintf
 0000:2757       __VideoInt
 0000:27E2 idle  __c0crtinit
 0000:27FF idle  __crtinit
 0000:291C       _delay
 0000:297D idle  ___first
 0000:297F idle  ___last
 0000:2981 idle  ___rover
 0000:2ABD       _free
 0000:2ABD       _farfree
 0000:2BC7       _malloc
 0000:2BD1       _farmalloc
 0000:2D2E       _realloc
 0000:2D35 idle  _farrealloc
 0000:2E25       __brk
 0000:2E64       __sbrk
 0000:2EEF       _farcoreleft
 0000:2F3F       _getch
 0000:2F58 idle  __Ngetche
 0000:2F5B idle  _getche
 0000:2F7C idle  __Nungetch
 0000:2F7F idle  _ungetch
 0000:2F9D       __graphexit
 0000:2FAB       __graphfreemem
 0000:2FBD       __graphgetmem
 0000:2FCB       _gettext
 0000:3021       _puttext
 0000:3077 idle  _int86
 0000:30A8       _int86x
 0000:3141       _intdos
 0000:316F       _intdosx
 0000:31CF       _intr
 0000:3273       _ioctl
 0000:329C       _kbhit
 0000:32AE       _movetext
 0000:334B       _putch
 0000:3362       __REALCVT
 0000:3366       __scantod
 0000:336A       __scanrslt
 0000:336E       __scanpop
 0000:34A8       __SCREENIO
 0000:34E4       __VALIDATEXY
 0000:355B       __SCROLL
 0000:36C7       _setblock
 0000:36E3       _sound
 0000:370F       _nosound
 0000:3728       F_OVERFLOW@
 0000:3728 idle  N_OVERFLOW@
 0000:3728 idle  OVERFLOW@
 0000:373A       __wherexy
 0000:3744 idle  _wherex
 0000:3753 idle  _wherey
 0000:3766       _access
 0000:379D       _atol
 0000:3812 idle  _atoi
 0000:3823       __chmod
 0000:3840       _close
 0000:3868       __close
 0000:38B3       __creat
 0000:38CB idle  _creattemp
 0000:38E6 idle  _creatnew
 0000:3901       _eof
 0000:3978       _fclose
 0000:3A30       _fflush
 0000:3AFD       _findfirst
 0000:3B30       _findnext
 0000:3B5D       _filelength
 0000:3B9E       _flushall
 0000:3BE0       _fnmerge
 0000:3C0B       _fnsplit
 0000:3CF2 idle  __OPENFP
 0000:3DC3 idle  __GETFP
 0000:3E0D       _fopen
 0000:3E42       _fprintf
 0000:3F52       _fread
 0000:3FE0       _fscanf
 0000:4000 idle  FJARQQ
 0000:4086       _fseek
 0000:4106 idle  _ftell
 0000:41E6       _fwrite
 0000:4327       __fgetc
 0000:433C       __Nfgetc
 0000:433F       _fgetc
 0000:442D idle  _fgetchar
 0000:4439       _itoa
 0000:4464 idle  _ultoa
 0000:4481       _ltoa
 0000:44A9       __makepath
 0000:457A       _memccpy
 0000:45B3       _memchr
 0000:45D6       _memcpy
 0000:45FA       _setmem
 0000:461E       _memset
 0000:463D       _movmem
 0000:468F idle  _memmove
 0000:46DD       _open
 0000:484C       __open
 0000:489B       _printf
 0000:48B6 idle  __fputc
 0000:48D2 idle  _fputc
 0000:4A67 idle  _fputchar
 0000:4A7B       __FPUTN
 0000:4F32       _qsort
 0000:4F5A       ___read
 0000:502B       _read
 0000:502E       _setvbuf
 0000:5204       __fnsplit
 0000:53FA idle  __splitpath
 0000:5424       _strcat
 0000:5463       _strcmp
 0000:5493       _strcpy
 0000:54BC       _strlen
 0000:54DB       _strncat
 0000:553E       _strncmp
 0000:5576       _strncpy
 0000:55A7       _strset
 0000:55D2       _strstr
 0000:5672       _strtol
 0000:5756       _strupr
 0000:577A       __Nungetc
 0000:577D idle  _ungetc
 0000:57E8       ___write
 0000:5939       __write
 0000:5975       __xfclose
 0000:59B2       __xfflush
 0000:5C32  Abs  FIDRQQ
 0000:8000 idle  FJSRQQ
 0000:8087  Abs  __turboFloat
 0000:8087 idle  __floatconvert
 0000:A23D  Abs  FIWRQQ
 0000:C000 idle  FJCRQQ
 0000:FE32 idle  FIARQQ
 059E:000A       _Control
 066C:000E       _History
 06C4:000A       _hex
 06D2:0007       _Now
 0755:000F       _Setup
 0767:000C       _CreateDialogWindows
 0767:0049 idle  _GetDialogWindows
 0767:0091       _CloseDialogWindows
 0767:00BA       _ReadDialogWindows
 0767:02FD idle  _GetDialogPath
 0767:032C       _SetDialogPath
 0767:0507       _CreateErrorWindows
 0767:05C5 idle  _CreateInputWindows
 0767:06AA       _CreateAboutWindows
 0767:0784       _CreateWarningWindows
 0767:08BF idle  _CreateFileWindows
 0767:132C idle  _VerityDisk
 08A0:000F       _waitsend
 0946:000D       _main
 0946:014B idle  _BOY_Windows
 097C:0002       _del
 09A1:0004 idle  _test
 09A1:0099       _New
 09CA:0004       _getb
 09CA:0048       _Recvice_String
 09CA:0097 idle  _putb
 09CA:00E2 idle  _receiver
 09CA:0113       _Com_Init
 09CA:0282       _Com_Close
 09CA:02F0       _sender
 09CA:0365       _recvice_r
 09CA:039C       _Send_String
 09CA:03CC       _ReceviceData
 09CA:0407 idle  _SendData
 0A0D:0006       _win111
 0A53:000E       _CREATE_BOY_ADDDEC
 0A53:03D5       _BOY_ADDDEC_TEST
 0ACF:0006       _new_3dbar
 0ACF:00DA       _rectangle_3d_u
 0ACF:0127       _rectangle_3d_n
 0ACF:0174       _bar3dn
 0ACF:0340       _bar3du
 0ACF:051B idle  _bar3dun
 0ACF:055F idle  _BOY_bar3d
 0ACF:065A       _CREATE_BOY_BAR3D
 0B49:0047       _BOY_SETUP_ALL
 0B49:01C3       _BOY_CLOSE_ALL
 0B67:000A       _BOY_ALL_TEST
 0B67:11F3 idle  _BOY_ALL_DISABLE
 0B67:13D2       _BOY_ALL_ENABLE
 0CC2:0001       _bian
 0CC2:0064 idle  _ins_key
 0CC2:045E       _CREATE_BOY_KEY3D
 0CC2:0940       _BOY_KEY3D_TEST
 0CC2:09F5       _BOY_KEY3D_TESTm
 0CC2:0A96       _BOY_KEY3D_ENABLE
 0CC2:0B7F       _BOY_KEY3D_DISABLE
 0CC2:0C58 idle  _tuoyuann
 0CC2:0D98 idle  _tuoyuanline
 0CC2:0E6A idle  _tuoyuanu
 0DBC:0009       _CREATE_BOY_CHECK
 0DBC:0207       _BOY_CHECK_TEST
 0DBC:05BE       _BOY_CHECK_TESTm
 0DBC:06D8 idle  _BOY_CHECK_DRAW
 0DBC:0785 idle  _BOY_CHECK_CLEAN
 0DBC:0833       _BOY_CHECK_ENABLE
 0DBC:08C3       _BOY_CHECK_DISABLE
 0E6C:000F idle  _getbit
 0E6C:0021 idle  _rename_ext
 0E6C:00B5 idle  _write_hz_16
 0E6C:021A idle  _chang_hilow
 0E6C:0233 idle  _write_hz_24
 0E6C:02F0       _puthz16
 0E6C:0684       _puthz24
 0E6C:07E2       _closehzk
 0E6C:0838 idle  _init_cfont0
 0E6C:0987 idle  _init_cfont1
 0E6C:0AB2       _openhzk
 0E6C:0C33       _puthz163d
 0E6C:0CD1       _puthz24_2
 0E6C:0EBE       _puthz24_small
 0E6C:12E4       _puthz24_2_small
 0FDD:072D       _CREATE_BOY_COMBO
 0FDD:0862       _BOY_COMBO_TESTm
 0FDD:08DB       _BOY_COMBO_TEST
 0FDD:129C       _BOY_COMBO_DISABLE
 0FDD:1390       _BOY_COMBO_ENABLE
 111E:0009       _BOY_DESKTOP
 1153:0008 idle  _dir_splite
 1153:0248 idle  _make_dir
 1153:03CD idle  _get_dir_name
 1153:06DF idle  _restore_DIRLIST
 1153:0753 idle  _return_DIRLIST
 1153:077E       _CREATE_BOY_DIRLIST
 1153:08A6       _BOY_DIRLIST_TEST
 1153:099F       _BOY_DIRLIST_ENABLE
 1153:09BD       _BOY_DIRLIST_DISABLE
 11F0:021D       _CREATE_BOY_DRIVELIST
 11F0:02C7       _BOY_DRIVELIST_TEST
 11F0:030C       _BOY_DRIVELIST_TESTm
 11F0:0383       _BOY_DRIVELIST_ENABLE
 11F0:03A1       _BOY_DRIVELIST_DISABLE
 122B:000F       _sort_fname
 122B:003D idle  _get_file_name
 122B:0296 idle  _get_file_num
 122B:0490       _get_cur_dir
 122B:0577       _CREATE_BOY_FILELIST
 122B:067B       _BOY_FILELIST_TEST
 122B:06BC       _BOY_FILELIST_ENABLE
 122B:06DA       _BOY_FILELIST_DISABLE
 129A:0008       _CREATE_BOY_FRAME
 12BF:000B idle  _diskfree
 12BF:0055       _BOY_GET_IMAGE
 12BF:07AA       _BOY_PUT_IMAGE
 12BF:0C50 idle  _BOY_GET_IMAGEF
 12BF:0E48       _BOY_PUT_IMAGEF
 12BF:0F52       _BOY_IMAGE_SIZE
 12BF:1025       _BOY_DRAW_PIC
 12BF:1073       _BOY_DRAW_ICN
 12BF:112F       _BOY_DEL_IMAGEBUF
 12BF:1247       _BOY_DEL_IMAGEBUF_ALL
 13F3:047F       _CREATE_BOY_INPUTBOX
 13F3:06CD       _BOY_INPUTBOX_DISABLE
 13F3:09CC       _BOY_INPUTBOX_ENABLE
 13F3:0CF9       _BOY_INPUTBOX_TEST
 13F3:16D9       _BOY_INPUTBOX_TESTm
 1569:00A1       _CREATE_BOY_LABEL
 1569:0ADA       _BOY_LABEL_TEST
 161F:0009       _CREATE_BOY_ICON
 161F:0034       _BOY_ICON_TEST
 161F:0092       _CREATE_BOY_LINE
 161F:019B       _CREATE_BOY_PICTURE
 163B:0094       _CREATE_BOY_LISTED
 163B:044C       _BOY_LISTED_TEST
 163B:0AC9       _BOY_LISTED_ENABLE
 163B:0B7E       _BOY_LISTED_DISABLE
 16F9:006C       _CREATE_BOY_MENU
 16F9:1071 idle  _BOY_MENU_DISABLE
 16F9:1191 idle  _BOY_MENU_DISABLE1
 16F9:1345 idle  _BOY_MENU_ENABLE
 16F9:1615       _CLOSE_BOY_MENU
 16F9:166C       _BOY_MENU_TEST
 16F9:2BA0 idle  _do0
 19B6:000C       _BOY_SET_MOUSE
 19B6:0033       _BOY_MOUSE_VIEW
 19B6:0039       _BOY_MOUSE_HIDE
 19B6:003F       _BOY_MOUSE_MOVE
 19B6:004F       _BOY_MOUSE_GET
 19B6:0074 idle  _BOY_MOUSE_DGET
 19B6:0099       _BOY_MOUSE_GETALL
 19B6:00CA       _BOY_MOUSE_TYPE
 19B6:0154 idle  _BOY_MOUSE_INBOX
 19B6:0188       _BOY_MOUSE_BUTTON
 19CF:000B       _CREATE_BOY_OPTION
 19CF:0191 idle  _BOY_OPTION_CLEANHELP
 19CF:025E       _BOY_OPTION_TEST
 19CF:09B2       _BOY_OPTION_TESTm
 19CF:0CF5       _BOY_OPTION_ENABLE
 19CF:0DA2       _BOY_OPTION_DISABLE
 19CF:0E6C idle  _BOY_OPTION_CLEAN
 19CF:0ECF idle  _BOY_OPTION_DRAW
 19CF:0F67 idle  _FRAME_OPTION
 19CF:10DD       _draw_button
 19CF:11F7 idle  _draw_ins_button
 1AF8:000D       _close_efont
 1AF8:0137       _init_boy_windows_font
 1AF8:032A       _BOY_OUT_TEXTXY
 1AF8:04AB idle  _BOY_OUT_TEXT
 1AF8:04C5       _BOY_OUT_CHARXY
 1AF8:04E1 idle  _BOY_OUT_CHAR
 1AF8:04F9       _BOY_OUT_HZXY
 1AF8:05DF idle  _BOY_OUT_HZ
 1AF8:06D1 idle  _BOY_SETHZ_XY
 1AF8:06E2 idle  _BOY_GETHZ_XY
 1AF8:06F9 idle  _BOY_SETHZ_FONT
 1AF8:0704 idle  _BOY_GETHZ_FONT
 1AF8:0708       _BOY_SETHZ_COLOR
 1AF8:0713       _BOY_GETHZ_COLOR
 1AF8:0717 idle  _file_show
 1AF8:0961 idle  _file_switch
 1B9A:064E       _CREATE_BOY_CHINESE
 1B9A:08DB       _CLOSE_BOY_CHINESE
 1B9A:0907       _BOY_CODE_GET
 1B9A:0979       _BOY_GET_TEST
 1B9A:0BB1       _BOY_CHINESE_TEST
 1B9A:0C8F idle  _BOY_HZ_GET
 1CDC:082C       _BOY_SCROLL_ENABLE
 1CDC:0867       _BOY_SCROLL_DISABLE
 1CDC:08A7       _CREATE_BOY_SCROLL
 1CDC:14BE       _BOY_SCROLL_TEST
 1CDC:2766       _BOY_SCROLL_TESTm
 1CDC:27CA       _REDRAW_BOY_SCROLL
 1F6E:0009       _BOY_WINDOWS_DISABLE
 1F6E:039B       _BOY_WINDOWS_ENABLE
 1F6E:0861 idle  _CREATE_BOY_WINDOWS
 1F6E:14FB idle  _tuotuanu
 1F6E:1625 idle  _movebox_kb
 1F6E:18BD idle  _box_kb
 1F6E:1B42 idle  _box
 1F6E:1E83 idle  _movebox
 1F6E:2062       _BOY_WINDOWS_TEST
 1F6E:2902       _CREATE_WINDOWS_ALL
 1F6E:2EDA idle  _REDRAW_WINDOWS_ALL
 1F6E:3BA2       _CLOSE_BOY_WINDOWS
 1F6E:3BCF idle  _small_menu
 1F6E:4769 idle  _RestoreWindows
 1F6E:4797 idle  _GetWindowsMax
 246B:0007       _ems_test
 246B:00B9 idle  _ems_version
 246B:00BE idle  _ems_status
 246B:00CA idle  _ems_pageseg
 246B:00D8 idle  _ems_freepage
 246B:00E6       _ems_malloc
 246B:00FB idle  _ems_pagemap
 246B:0122       _ems_free
 246B:0135 idle  _ems_savepage
 246B:0148 idle  _ems_restorepage
 246B:015B idle  _ems_freeheadle
 246B:016C idle  _ems_headlepages
 246B:0181 idle  _ems_allheadlepages
 246B:01B5 idle  _ems_getpagemap
 246B:01E8 idle  _ems_setpagemap
 246B:021B idle  _ems_changepagemap
 246B:025A idle  _ems_pagemapsize
 246B:0264 idle  _make_ptr
 246B:027E       _ems_move
 246B:0448       _read_file_to_ems
 24CD:0009       _xms_test
 24CD:0035 idle  _xms_version
 24CD:003D idle  _xms_freemem
 24CD:0048       _xms_malloc
 24CD:0061       _xms_free
 24CD:0073       _xms_move
 24CD:00C7 idle  _xms_lock
 24CD:00D9 idle  _xms_unlock
 24CD:00EB idle  _xms_remalloc
 24CD:0100 idle  _xms_ptr
 24CD:0139 idle  _xms_embhandle
 24CD:0152 idle  _umb_freemem
 24CD:015E idle  _umb_malloc
 24CD:0177 idle  _umb_free
 24CD:0189 idle  _hma_malloc
 24CD:019B idle  _hma_free
 24CD:01A6 idle  _A20_ctrl
 24CD:01B9       _read_file_to_xms
 2507:0178 idle  ___move
 2507:0193       _grapherrormsg
 2507:030D       _graphresult
 2507:0329 idle  __GraphNotInstalled
 2507:03F3 idle  _registerfarbgidriver
 2507:04AC idle  _registerfarbgifont
 2507:059B idle  _setgraphbufsize
 2507:05D2 idle  _getmoderange
 2507:0671 idle  _detectgraph
 2507:089F idle  _graphdefaults
 2507:0985       _initgraph
 2507:0BF9 idle  _installuserdriver
 2507:0CE7 idle  _installuserfont
 2507:0D91 idle  _setgraphmode
 2507:0E19 idle  _getgraphmode
 2507:0E3C idle  _restorecrtmode
 2507:0E6E       _closegraph
 2507:0F18 idle  _cleardevice
 2507:0F33 idle  _setviewport
 2507:0FAF idle  _getviewsettings
 2507:0FCE idle  _clearviewport
 2507:103F idle  _moveto
 2507:1066 idle  _moverel
 2507:1086 idle  _getx
 2507:1095 idle  _gety
 2507:10A4       _getmaxx
 2507:10B7       _getmaxy
 2507:10CA idle  _getdrivername
 2507:10F0 idle  _getmodename
 2507:1114 idle  _lineto
 2507:113B idle  _linerel
 2507:1176       _getlinesettings
 2507:1195       _setlinestyle
 2507:11D8       _rectangle
 2507:122E       _getfillsettings
 2507:124B       _setfillstyle
 2507:127F idle  _getfillpattern
 2507:129F idle  _setfillpattern
 2507:1316       _arc
 2507:1341       _circle
 2507:136D idle  _getaspectratio
 2507:138B idle  _setaspectratio
 2507:13A3 idle  _pieslice
 2507:13CE idle  _setbkcolor
 2507:1408       _getcolor
 2507:1419 idle  _getbkcolor
 2507:142A idle  _setallpalette
 2507:14D0 idle  _setpalette
 2507:1513       _getpalette
 2507:1532       _imagesize
 2507:1567       _putimage
 2507:15F6 idle  _gettextsettings
 2507:1615 idle  _outtext
 2507:1663       _settextjustify
 2507:16A4 idle  _settextstyle
 2507:1873 idle  _setusercharsize
 2507:1899 idle  _textheight
 2507:18AA idle  @DGROUP
 2507:18EE idle  _postdevice
 2507:1905       __installdevice
 2507:190A       __reinstalldevice
 2507:194E       __gr_setviewport
 2507:197A       __gr_setgraphmode
 2507:19B0       __gr_restorecrtmode
 2507:19EF idle  _setvisualpage
 2507:1A12 idle  _setactivepage
 2507:1A38       _setwritemode
 2507:1A5B       __gr_setfillpattern
 2507:1A8E       __gr_settextjustify
 2507:1AAB       __gr_imagesize
 2507:1AFC       __autodetect
 2507:1B6D       __gr_detectgraph
 2507:1BAA       __initdevice
 2507:1BCF       __gr_cleardevice
 2507:1BE6       __gr_moveto
 2507:1C03       __gr_lineto
 2507:1C20       _line
 2507:1C43 idle  _drawpoly
 2507:1C63 idle  _fillpoly
 2507:1C83       _bar
 2507:1CA6 idle  _bar3d
 2507:1CE7       _ellipse
 2507:1D17       _fillellipse
 2507:1D54       _sector
 2507:1D84 idle  _getarccoords
 2507:1DAD       _setcolor
 2507:1DCE       _getmaxcolor
 2507:1DE9       _getpalettesize
 2507:1E04       _getdefaultpalette
 2507:1E21       __gr_getmodename
 2507:1E42       _getmaxmode
 2507:1E5E       __gr_setbkcolor
 2507:1E7D       _setrgbpalette
 2507:1EA3       __gr_setpalette
 2507:1EC2       __gr_setallpalette
 2507:1EDD       __gr_setlinestyle
 2507:1F06       _floodfill
 2507:1F4B       __gr_setfillstyle
 2507:1F7B       _outtextxy
 2507:1FB1       __gr_settextstyle
 2507:2002       __gr_setusercharsize
 2507:2028       _textwidth
 2507:2055       __gr_textheight
 2507:2076       _getpixel
 2507:2097       _putpixel
 2507:20B7       _getimage
 2507:20F4       __gr_putimage
 2507:22E0       __GRP_ovr
 28CF:2152       e086_Entry
 28CF:26E0       e086_Shortcut
 2B47:0306       e087_Entry
 2B47:03C6       e087_Shortcut
 2B47:0430       e087_Trap
 2BA4:0000 idle  _DirBuf
 3684:0001 idle  _BOY_HZ_BUF
 3694:0000       _station
 3695:0000       _DLL_test
 3696:0000       _DLL_openname
 369B:0000       _DialogType
 369F:0000       _BOY_FILE_NAME
 36A4:0000       _DLGPATH
 36A9:0000       _DialogPath
 36AE:0000       _DialogTab
 36AF:0000       _DialogTotal
 36B0:0000       _station_sum
 36B1:0000       _vect_com
 36B2:0000       _buffer
 36D2:0000       _portf
 36D3:0000       _PortAddr
 36D4:0000 idle  DATASEG@
 36D4:005B idle  __Int0Vector
 36D4:005F idle  __Int4Vector
 36D4:0063 idle  __Int5Vector
 36D4:0067 idle  __Int6Vector
 36D4:006B idle  __C0argc
 36D4:006D idle  __C0argv
 36D4:0071 idle  __C0environ
 36D4:0075 idle  __envLng
 36D4:0077 idle  __envseg
 36D4:0079 idle  __envSize
 36D4:007B       __psp
 36D4:007D idle  __osversion
 36D4:007D idle  __osmajor
 36D4:007D       __version
 36D4:007E idle  __osminor
 36D4:007F       _errno
 36D4:0081 idle  __StartTime
 36D4:0085 idle  ___brklvl
 36D4:0087       __heapbase
 36D4:008B       __brklvl
 36D4:008F       __heaptop
 36D4:65FA idle  _CS_Dialog
 36D4:65FC idle  _DialogKey3d
 36D4:69AD       _DialogLabel
 36D4:6D68 idle  _DialogInputbox
 36D4:70D4 idle  _DialogIcon
 36D4:712A idle  _DialogPicture
 36D4:717E idle  _DialogWindows
 36D4:8072 idle  _Help
 36D4:8086       _current_station
 36D4:8088       _COM
 36D4:8089       _Connect
 36D4:808A       _change
 36D4:808B       _BOYPATH
 36D4:9616 idle  _baudtable
 36D4:9624 idle  _paritytable
 36D4:9629 idle  _bufin
 36D4:962B idle  _bufout
 36D4:9D08 idle  _Cfont_handle0
 36D4:9D0A idle  _C_font0
 36D4:9D0C idle  _Cfont_handle1
 36D4:9D0E idle  _C_font1
 36D4:9D10 idle  _CFONT_STYLE
 36D4:9D12 idle  _CFONT_NAME
 36D4:A00A idle  _B_image
 36D4:A03E idle  _INPUT_TEXT_BUF
 36D4:A108 idle  _IDNO
 36D4:A11A       _MOUSE_TYPE_TAB
 36D4:A11C idle  _mouse_type
 36D4:B3D2 idle  _TabSize
 36D4:B3D4 idle  _Efont_handle
 36D4:B3D6 idle  _E_font
 36D4:B3FE       __CHINESE
 36D4:B5E6 idle  _WINDOWS_Minh
 36D4:B5E8 idle  _WINDOWS_Minl
 36D4:B5EA idle  _ReDrawWindows
 36D4:B5EC idle  _MAX_X
 36D4:B5EE idle  _MAX_Y
 36D4:B670       __BGI_ovr
 36D4:B674       __BGI_auto
 36D4:B80D       __DDO_ADD
 36D4:B811       __BGI_ADD
 36D4:B88A idle  __gr_ErrCode
 36D4:B88C       __FON_ADD
 36D4:B890       __StatOfs
 36D4:B892       __StatSeg
 36D4:B894       __drawcolor
 36D4:B895       __fillcolor
 36D4:B896 idle  __backcolor
 36D4:B897       __linestyle
 36D4:B898       __fillstyle
 36D4:B89F idle  __OverScanColor
 36D4:BCE0 idle  __8087
 36D4:BCF0       __protected
 36D4:BCF1       __LDT
 36D4:BCF4       __default87
 36D4:BCF6 idle  __huge_flt
 36D4:BCFA       __huge_dble
 36D4:BD02 idle  __huge_ldble
 36D4:BD0C idle  __indefinite
 36D4:BD10 idle  __tiny_ldble
 36D4:BE4C       __atexitcnt
 36D4:BE4E       __ctype
 36D4:BF50       __exitbuf
 36D4:BF54       __exitfopen
 36D4:BF58 idle  __exitopen
 36D4:BF5C       __streams
 36D4:C0EC       __nfile
 36D4:C0EE       __openfd
 36D4:C116       __fmode
 36D4:C118       __notUmask
 36D4:C11A       __fpstklen
 36D4:C11C       __doserrno
 36D4:C11E idle  __dosErrorToSV
 36D4:C202       __stklen
 36D4:C26C       __wscroll
 36D4:C26E       __video
 36D4:C27D       _directvideo
 36D4:C2BE       __cFlag
 36D4:C2BF       __cChar
 36D4:C2C6       __RealCvtVector
 36D4:C2CA       __ScanTodVector
 36D4:C362       _Serial
 36D4:C472 idle  _st
 36D4:C4D0 idle  _ht
 36D4:C52E idle  _kt
 36D4:C58C idle  _ft
 36D4:C610 idle  _OldDir
 36D4:C612 idle  _DirList
 36D4:C8B8       __MOUSE
 36D4:E8FA idle  _MOVE_BOX
 36D4:E904 idle  _ems_baseaddr
 36D4:E906       _ems_error
 36D4:E908 idle  _xms_error
 36D4:E90E       __atexittbl
 36D4:E99C       ___SignalPtr
 456F:0000       __emu

Program entry point at 0000:0000

